	-> angsd version: 0.940-dirty (htslib: 1.20) build(Apr  3 2024 04:57:10)
	-> angsd -bam /rsstu/users/r/rrellan/DOE_CAREER/BZea/dedup_filtered/bam_list.txt -ref /rsstu/users/r/rrellan/sara/ref/Zm-B73-REFERENCE-NAM-5.0.fa -r chr1:92535745-107958368 -GL 1 -doMajorMinor 1 -doMaf 1 -SNP_pval 1e-8 -doGlf 2 -minMapQ 30 -minQ 20 -uniqueOnly 1 -remove_bads 1 -only_proper_pairs 1 -baq 1 -C 50 -minInd 5 -skipTriallelic 1 -setMinDepthInd 2 -P 4 -out /rsstu/users/r/rrellan/BZea/angsd_genotyping/angsd_full_snps/BZea_chr1.part7.92535745_107958368 
	-> Inputtype is BAM/CRAM
[multiReader] 1535 samples in 1535 input files
	-> Reading fasta: /rsstu/users/r/rrellan/sara/ref/Zm-B73-REFERENCE-NAM-5.0.fa
	-> SNP-filter using a pvalue: 1.000000e-08 correspond to 32.841253 likelihood units
	-> Parsing 1535 number of samples 
	-> Region lookup 1/1

	-> Allocated ~ 10 million nodes to the nodepool, this is not an estimate of the memory usage

	-> Allocated ~ 20 million nodes to the nodepool, this is not an estimate of the memory usage

	-> Allocated ~ 30 million nodes to the nodepool, this is not an estimate of the memory usage

	-> Allocated ~ 40 million nodes to the nodepool, this is not an estimate of the memory usage

	-> Allocated ~ 50 million nodes to the nodepool, this is not an estimate of the memory usage

	-> Allocated ~ 60 million nodes to the nodepool, this is not an estimate of the memory usage

	-> Allocated ~ 70 million nodes to the nodepool, this is not an estimate of the memory usage

	-> Allocated ~ 80 million nodes to the nodepool, this is not an estimate of the memory usage

	-> Allocated ~ 90 million nodes to the nodepool, this is not an estimate of the memory usage

	-> Allocated ~ 100 million nodes to the nodepool, this is not an estimate of the memory usage

	-> Allocated ~ 110 million nodes to the nodepool, this is not an estimate of the memory usage

	-> Allocated ~ 120 million nodes to the nodepool, this is not an estimate of the memory usage

	-> Allocated ~ 130 million nodes to the nodepool, this is not an estimate of the memory usage

	-> Allocated ~ 140 million nodes to the nodepool, this is not an estimate of the memory usage

	-> Allocated ~ 150 million nodes to the nodepool, this is not an estimate of the memory usage

	-> Allocated ~ 160 million nodes to the nodepool, this is not an estimate of the memory usage

	-> Allocated ~ 170 million nodes to the nodepool, this is not an estimate of the memory usage

	-> Allocated ~ 180 million nodes to the nodepool, this is not an estimate of the memory usage

	-> Allocated ~ 190 million nodes to the nodepool, this is not an estimate of the memory usage

	-> Allocated ~ 200 million nodes to the nodepool, this is not an estimate of the memory usage

	-> Allocated ~ 210 million nodes to the nodepool, this is not an estimate of the memory usage

	-> Allocated ~ 220 million nodes to the nodepool, this is not an estimate of the memory usage

	-> Allocated ~ 230 million nodes to the nodepool, this is not an estimate of the memory usage

	-> Allocated ~ 240 million nodes to the nodepool, this is not an estimate of the memory usage

	-> Allocated ~ 250 million nodes to the nodepool, this is not an estimate of the memory usage

	-> Allocated ~ 260 million nodes to the nodepool, this is not an estimate of the memory usage

	-> Allocated ~ 270 million nodes to the nodepool, this is not an estimate of the memory usage

	-> Allocated ~ 280 million nodes to the nodepool, this is not an estimate of the memory usage

	-> Allocated ~ 290 million nodes to the nodepool, this is not an estimate of the memory usage

	-> Allocated ~ 300 million nodes to the nodepool, this is not an estimate of the memory usage

	-> Allocated ~ 310 million nodes to the nodepool, this is not an estimate of the memory usage

	-> Allocated ~ 320 million nodes to the nodepool, this is not an estimate of the memory usage

	-> Allocated ~ 330 million nodes to the nodepool, this is not an estimate of the memory usage

	-> Allocated ~ 340 million nodes to the nodepool, this is not an estimate of the memory usage

	-> Allocated ~ 350 million nodes to the nodepool, this is not an estimate of the memory usage

	-> Allocated ~ 360 million nodes to the nodepool, this is not an estimate of the memory usage

	-> Allocated ~ 370 million nodes to the nodepool, this is not an estimate of the memory usage

	-> Allocated ~ 380 million nodes to the nodepool, this is not an estimate of the memory usage

	-> Allocated ~ 390 million nodes to the nodepool, this is not an estimate of the memory usage

	-> Allocated ~ 400 million nodes to the nodepool, this is not an estimate of the memory usage

	-> Allocated ~ 410 million nodes to the nodepool, this is not an estimate of the memory usage

	-> Allocated ~ 420 million nodes to the nodepool, this is not an estimate of the memory usage

	-> Allocated ~ 430 million nodes to the nodepool, this is not an estimate of the memory usage

	-> Allocated ~ 440 million nodes to the nodepool, this is not an estimate of the memory usage

	-> Allocated ~ 450 million nodes to the nodepool, this is not an estimate of the memory usage

	-> Allocated ~ 460 million nodes to the nodepool, this is not an estimate of the memory usage

	-> Allocated ~ 470 million nodes to the nodepool, this is not an estimate of the memory usage

	-> Allocated ~ 480 million nodes to the nodepool, this is not an estimate of the memory usage

	-> Allocated ~ 490 million nodes to the nodepool, this is not an estimate of the memory usage

	-> Allocated ~ 500 million nodes to the nodepool, this is not an estimate of the memory usage

	-> Allocated ~ 510 million nodes to the nodepool, this is not an estimate of the memory usage

	-> Allocated ~ 520 million nodes to the nodepool, this is not an estimate of the memory usage

	-> Allocated ~ 530 million nodes to the nodepool, this is not an estimate of the memory usage

	-> Allocated ~ 540 million nodes to the nodepool, this is not an estimate of the memory usage

	-> Allocated ~ 550 million nodes to the nodepool, this is not an estimate of the memory usage

	-> Allocated ~ 560 million nodes to the nodepool, this is not an estimate of the memory usage

	-> Allocated ~ 570 million nodes to the nodepool, this is not an estimate of the memory usage

	-> Allocated ~ 580 million nodes to the nodepool, this is not an estimate of the memory usage

	-> Allocated ~ 590 million nodes to the nodepool, this is not an estimate of the memory usage

	-> Allocated ~ 600 million nodes to the nodepool, this is not an estimate of the memory usage

	-> Allocated ~ 610 million nodes to the nodepool, this is not an estimate of the memory usage

	-> Allocated ~ 620 million nodes to the nodepool, this is not an estimate of the memory usage

	-> Allocated ~ 630 million nodes to the nodepool, this is not an estimate of the memory usage

	-> Allocated ~ 640 million nodes to the nodepool, this is not an estimate of the memory usage

	-> Allocated ~ 650 million nodes to the nodepool, this is not an estimate of the memory usage

	-> Allocated ~ 660 million nodes to the nodepool, this is not an estimate of the memory usage

	-> Allocated ~ 670 million nodes to the nodepool, this is not an estimate of the memory usage

	-> Allocated ~ 680 million nodes to the nodepool, this is not an estimate of the memory usage

	-> Allocated ~ 690 million nodes to the nodepool, this is not an estimate of the memory usage

	-> Allocated ~ 700 million nodes to the nodepool, this is not an estimate of the memory usage

	-> Allocated ~ 710 million nodes to the nodepool, this is not an estimate of the memory usage

	-> Allocated ~ 720 million nodes to the nodepool, this is not an estimate of the memory usage

	-> Allocated ~ 730 million nodes to the nodepool, this is not an estimate of the memory usage

	-> Allocated ~ 740 million nodes to the nodepool, this is not an estimate of the memory usage

	-> Allocated ~ 750 million nodes to the nodepool, this is not an estimate of the memory usage

	-> Allocated ~ 760 million nodes to the nodepool, this is not an estimate of the memory usage

	-> Allocated ~ 770 million nodes to the nodepool, this is not an estimate of the memory usage

	-> Allocated ~ 780 million nodes to the nodepool, this is not an estimate of the memory usage

	-> Allocated ~ 790 million nodes to the nodepool, this is not an estimate of the memory usage

	-> Allocated ~ 800 million nodes to the nodepool, this is not an estimate of the memory usage

	-> Allocated ~ 810 million nodes to the nodepool, this is not an estimate of the memory usage

	-> Allocated ~ 820 million nodes to the nodepool, this is not an estimate of the memory usage

	-> Allocated ~ 830 million nodes to the nodepool, this is not an estimate of the memory usage

	-> Allocated ~ 840 million nodes to the nodepool, this is not an estimate of the memory usage

	-> Allocated ~ 850 million nodes to the nodepool, this is not an estimate of the memory usage

	-> Allocated ~ 860 million nodes to the nodepool, this is not an estimate of the memory usage

	-> Allocated ~ 870 million nodes to the nodepool, this is not an estimate of the memory usage

	-> Allocated ~ 880 million nodes to the nodepool, this is not an estimate of the memory usage

	-> Allocated ~ 890 million nodes to the nodepool, this is not an estimate of the memory usage

	-> Allocated ~ 900 million nodes to the nodepool, this is not an estimate of the memory usage

	-> Allocated ~ 910 million nodes to the nodepool, this is not an estimate of the memory usage

	-> Allocated ~ 920 million nodes to the nodepool, this is not an estimate of the memory usage

	-> Allocated ~ 930 million nodes to the nodepool, this is not an estimate of the memory usage

	-> Allocated ~ 940 million nodes to the nodepool, this is not an estimate of the memory usage

	-> Allocated ~ 950 million nodes to the nodepool, this is not an estimate of the memory usage

	-> Allocated ~ 960 million nodes to the nodepool, this is not an estimate of the memory usage

	-> Allocated ~ 970 million nodes to the nodepool, this is not an estimate of the memory usage

	-> Allocated ~ 980 million nodes to the nodepool, this is not an estimate of the memory usage

	-> Allocated ~ 990 million nodes to the nodepool, this is not an estimate of the memory usage

	-> Allocated ~ 1000 million nodes to the nodepool, this is not an estimate of the memory usage

	-> Allocated ~ 1010 million nodes to the nodepool, this is not an estimate of the memory usage

	-> Allocated ~ 1020 million nodes to the nodepool, this is not an estimate of the memory usage

	-> Allocated ~ 1030 million nodes to the nodepool, this is not an estimate of the memory usage

	-> Allocated ~ 1040 million nodes to the nodepool, this is not an estimate of the memory usage

	-> Allocated ~ 1050 million nodes to the nodepool, this is not an estimate of the memory usage

	-> Allocated ~ 1060 million nodes to the nodepool, this is not an estimate of the memory usage

	-> Caught SIGNAL: Will try to exit nicely (no more threads are created.
			  We will wait for the current threads to finish)

	-> If you really want angsd to exit uncleanly ctrl+c: 3 more times
Terminated
