	-> angsd version: 0.940-dirty (htslib: 1.20) build(Apr  3 2024 04:57:10)
	-> angsd -bam /rsstu/users/r/rrellan/DOE_CAREER/BZea/dedup_filtered/bam_list.txt -ref /rsstu/users/r/rrellan/sara/ref/Zm-B73-REFERENCE-NAM-5.0.fa -r chr4:112648708-125165230 -GL 1 -doMajorMinor 1 -doMaf 1 -doBcf 1 -SNP_pval 1e-8 -minMapQ 30 -minQ 20 -uniqueOnly 1 -remove_bads 1 -only_proper_pairs 1 -baq 1 -C 50 -minInd 5 -skipTriallelic 1 -setMinDepthInd 2 -P 4 -out /rsstu/users/r/rrellan/BZea/angsd_genotyping/angsd_full_snps/BZea_chr4.part10.112648708_125165230 
	-> Inputtype is BAM/CRAM
[multiReader] 1535 samples in 1535 input files
	-> Reading fasta: /rsstu/users/r/rrellan/sara/ref/Zm-B73-REFERENCE-NAM-5.0.fa
	-> SNP-filter using a pvalue: 1.000000e-08 correspond to 32.841253 likelihood units

[bcfoutput] 	Please add the following parameters 
		 '-gl 1 -dopost 1 -domajorminor 1 -domaf 1 -dobcf 1 --ignore-RG 0 -dogeno 1 -docounts 1'


Potential problem. -doBcf is a wrapper around -doMajorMinor -doPost and -gl. These values must therefore be set

	-> Inputtype is BAM/CRAM
	-> Parsing 1535 number of samples 
	-> Region lookup 1/1

	-> Allocated ~ 10 million nodes to the nodepool, this is not an estimate of the memory usage

	-> Allocated ~ 20 million nodes to the nodepool, this is not an estimate of the memory usage

	-> Allocated ~ 30 million nodes to the nodepool, this is not an estimate of the memory usage

	-> Allocated ~ 40 million nodes to the nodepool, this is not an estimate of the memory usage

	-> Allocated ~ 50 million nodes to the nodepool, this is not an estimate of the memory usage

	-> Allocated ~ 60 million nodes to the nodepool, this is not an estimate of the memory usage

	-> Allocated ~ 70 million nodes to the nodepool, this is not an estimate of the memory usage

	-> Allocated ~ 80 million nodes to the nodepool, this is not an estimate of the memory usage

	-> Allocated ~ 90 million nodes to the nodepool, this is not an estimate of the memory usage

	-> Allocated ~ 100 million nodes to the nodepool, this is not an estimate of the memory usage

	-> Allocated ~ 110 million nodes to the nodepool, this is not an estimate of the memory usage

	-> Allocated ~ 120 million nodes to the nodepool, this is not an estimate of the memory usage

	-> Allocated ~ 130 million nodes to the nodepool, this is not an estimate of the memory usage

	-> Allocated ~ 140 million nodes to the nodepool, this is not an estimate of the memory usage

	-> Allocated ~ 150 million nodes to the nodepool, this is not an estimate of the memory usage

	-> Allocated ~ 160 million nodes to the nodepool, this is not an estimate of the memory usage

	-> Allocated ~ 170 million nodes to the nodepool, this is not an estimate of the memory usage

	-> Allocated ~ 180 million nodes to the nodepool, this is not an estimate of the memory usage

	-> Allocated ~ 190 million nodes to the nodepool, this is not an estimate of the memory usage

	-> Allocated ~ 200 million nodes to the nodepool, this is not an estimate of the memory usage

	-> Allocated ~ 210 million nodes to the nodepool, this is not an estimate of the memory usage

	-> Allocated ~ 220 million nodes to the nodepool, this is not an estimate of the memory usage

	-> Allocated ~ 230 million nodes to the nodepool, this is not an estimate of the memory usage

	-> Allocated ~ 240 million nodes to the nodepool, this is not an estimate of the memory usage

	-> Allocated ~ 250 million nodes to the nodepool, this is not an estimate of the memory usage

	-> Allocated ~ 260 million nodes to the nodepool, this is not an estimate of the memory usage

	-> Allocated ~ 270 million nodes to the nodepool, this is not an estimate of the memory usage

	-> Allocated ~ 280 million nodes to the nodepool, this is not an estimate of the memory usage

	-> Allocated ~ 290 million nodes to the nodepool, this is not an estimate of the memory usage

	-> Allocated ~ 300 million nodes to the nodepool, this is not an estimate of the memory usage

	-> Allocated ~ 310 million nodes to the nodepool, this is not an estimate of the memory usage

	-> Allocated ~ 320 million nodes to the nodepool, this is not an estimate of the memory usage

	-> Allocated ~ 330 million nodes to the nodepool, this is not an estimate of the memory usage

	-> Allocated ~ 340 million nodes to the nodepool, this is not an estimate of the memory usage

	-> Allocated ~ 350 million nodes to the nodepool, this is not an estimate of the memory usage

	-> Allocated ~ 360 million nodes to the nodepool, this is not an estimate of the memory usage

	-> Allocated ~ 370 million nodes to the nodepool, this is not an estimate of the memory usage

	-> Allocated ~ 380 million nodes to the nodepool, this is not an estimate of the memory usage

	-> Allocated ~ 390 million nodes to the nodepool, this is not an estimate of the memory usage

	-> Allocated ~ 400 million nodes to the nodepool, this is not an estimate of the memory usage

	-> Allocated ~ 410 million nodes to the nodepool, this is not an estimate of the memory usage

	-> Allocated ~ 420 million nodes to the nodepool, this is not an estimate of the memory usage

	-> Allocated ~ 430 million nodes to the nodepool, this is not an estimate of the memory usage

	-> Allocated ~ 440 million nodes to the nodepool, this is not an estimate of the memory usage

	-> Allocated ~ 450 million nodes to the nodepool, this is not an estimate of the memory usage

	-> Allocated ~ 460 million nodes to the nodepool, this is not an estimate of the memory usage

	-> Allocated ~ 470 million nodes to the nodepool, this is not an estimate of the memory usage

	-> Allocated ~ 480 million nodes to the nodepool, this is not an estimate of the memory usage

	-> Allocated ~ 490 million nodes to the nodepool, this is not an estimate of the memory usage

	-> Allocated ~ 500 million nodes to the nodepool, this is not an estimate of the memory usage

	-> Allocated ~ 510 million nodes to the nodepool, this is not an estimate of the memory usage

	-> Allocated ~ 520 million nodes to the nodepool, this is not an estimate of the memory usage

	-> Allocated ~ 530 million nodes to the nodepool, this is not an estimate of the memory usage

	-> Allocated ~ 540 million nodes to the nodepool, this is not an estimate of the memory usage

	-> Allocated ~ 550 million nodes to the nodepool, this is not an estimate of the memory usage

	-> Allocated ~ 560 million nodes to the nodepool, this is not an estimate of the memory usage

	-> Allocated ~ 570 million nodes to the nodepool, this is not an estimate of the memory usage

	-> Allocated ~ 580 million nodes to the nodepool, this is not an estimate of the memory usage

	-> Allocated ~ 590 million nodes to the nodepool, this is not an estimate of the memory usage

	-> Allocated ~ 600 million nodes to the nodepool, this is not an estimate of the memory usage

	-> Allocated ~ 610 million nodes to the nodepool, this is not an estimate of the memory usage

	-> Allocated ~ 620 million nodes to the nodepool, this is not an estimate of the memory usage

	-> Allocated ~ 630 million nodes to the nodepool, this is not an estimate of the memory usage

	-> Allocated ~ 640 million nodes to the nodepool, this is not an estimate of the memory usage

	-> Allocated ~ 650 million nodes to the nodepool, this is not an estimate of the memory usage

	-> Allocated ~ 660 million nodes to the nodepool, this is not an estimate of the memory usage

	-> Allocated ~ 670 million nodes to the nodepool, this is not an estimate of the memory usage

	-> Allocated ~ 680 million nodes to the nodepool, this is not an estimate of the memory usage

	-> Allocated ~ 690 million nodes to the nodepool, this is not an estimate of the memory usage

	-> Allocated ~ 700 million nodes to the nodepool, this is not an estimate of the memory usage

	-> Allocated ~ 710 million nodes to the nodepool, this is not an estimate of the memory usage

	-> Allocated ~ 720 million nodes to the nodepool, this is not an estimate of the memory usage

	-> Allocated ~ 730 million nodes to the nodepool, this is not an estimate of the memory usage

	-> Allocated ~ 740 million nodes to the nodepool, this is not an estimate of the memory usage

	-> Allocated ~ 750 million nodes to the nodepool, this is not an estimate of the memory usage

	-> Allocated ~ 760 million nodes to the nodepool, this is not an estimate of the memory usage

	-> Allocated ~ 770 million nodes to the nodepool, this is not an estimate of the memory usage

	-> Allocated ~ 780 million nodes to the nodepool, this is not an estimate of the memory usage

	-> Allocated ~ 790 million nodes to the nodepool, this is not an estimate of the memory usage

	-> Allocated ~ 800 million nodes to the nodepool, this is not an estimate of the memory usage

	-> Allocated ~ 810 million nodes to the nodepool, this is not an estimate of the memory usage

	-> Allocated ~ 820 million nodes to the nodepool, this is not an estimate of the memory usage

	-> Allocated ~ 830 million nodes to the nodepool, this is not an estimate of the memory usage

	-> Allocated ~ 840 million nodes to the nodepool, this is not an estimate of the memory usage

	-> Allocated ~ 850 million nodes to the nodepool, this is not an estimate of the memory usage

	-> Allocated ~ 860 million nodes to the nodepool, this is not an estimate of the memory usage

	-> Allocated ~ 870 million nodes to the nodepool, this is not an estimate of the memory usage

	-> Allocated ~ 880 million nodes to the nodepool, this is not an estimate of the memory usage

	-> Allocated ~ 890 million nodes to the nodepool, this is not an estimate of the memory usage

	-> Allocated ~ 900 million nodes to the nodepool, this is not an estimate of the memory usage

	-> Allocated ~ 910 million nodes to the nodepool, this is not an estimate of the memory usage

	-> Allocated ~ 920 million nodes to the nodepool, this is not an estimate of the memory usage

	-> Allocated ~ 930 million nodes to the nodepool, this is not an estimate of the memory usage

	-> Allocated ~ 940 million nodes to the nodepool, this is not an estimate of the memory usage

	-> Allocated ~ 950 million nodes to the nodepool, this is not an estimate of the memory usage

	-> Allocated ~ 960 million nodes to the nodepool, this is not an estimate of the memory usage

	-> Allocated ~ 970 million nodes to the nodepool, this is not an estimate of the memory usage

	-> Allocated ~ 980 million nodes to the nodepool, this is not an estimate of the memory usage

	-> Allocated ~ 990 million nodes to the nodepool, this is not an estimate of the memory usage

	-> Allocated ~ 1000 million nodes to the nodepool, this is not an estimate of the memory usage

	-> Allocated ~ 1010 million nodes to the nodepool, this is not an estimate of the memory usage

	-> Allocated ~ 1020 million nodes to the nodepool, this is not an estimate of the memory usage

	-> Allocated ~ 1030 million nodes to the nodepool, this is not an estimate of the memory usage

	-> Allocated ~ 1040 million nodes to the nodepool, this is not an estimate of the memory usage

	-> Allocated ~ 1050 million nodes to the nodepool, this is not an estimate of the memory usage

	-> Allocated ~ 1060 million nodes to the nodepool, this is not an estimate of the memory usage

	-> Allocated ~ 1070 million nodes to the nodepool, this is not an estimate of the memory usage

	-> Allocated ~ 1080 million nodes to the nodepool, this is not an estimate of the memory usage

	-> Allocated ~ 1090 million nodes to the nodepool, this is not an estimate of the memory usage

	-> Allocated ~ 1100 million nodes to the nodepool, this is not an estimate of the memory usage

	-> Allocated ~ 1110 million nodes to the nodepool, this is not an estimate of the memory usage

	-> Allocated ~ 1120 million nodes to the nodepool, this is not an estimate of the memory usage

	-> Allocated ~ 1130 million nodes to the nodepool, this is not an estimate of the memory usage

	-> Allocated ~ 1140 million nodes to the nodepool, this is not an estimate of the memory usage

	-> Allocated ~ 1150 million nodes to the nodepool, this is not an estimate of the memory usage

	-> Allocated ~ 1160 million nodes to the nodepool, this is not an estimate of the memory usage

	-> Allocated ~ 1170 million nodes to the nodepool, this is not an estimate of the memory usage

	-> Allocated ~ 1180 million nodes to the nodepool, this is not an estimate of the memory usage

	-> Allocated ~ 1190 million nodes to the nodepool, this is not an estimate of the memory usage

	-> Allocated ~ 1200 million nodes to the nodepool, this is not an estimate of the memory usage

	-> Allocated ~ 1210 million nodes to the nodepool, this is not an estimate of the memory usage

	-> Allocated ~ 1220 million nodes to the nodepool, this is not an estimate of the memory usage

	-> Allocated ~ 1230 million nodes to the nodepool, this is not an estimate of the memory usage

	-> Allocated ~ 1240 million nodes to the nodepool, this is not an estimate of the memory usage

	-> Allocated ~ 1250 million nodes to the nodepool, this is not an estimate of the memory usage

	-> Allocated ~ 1260 million nodes to the nodepool, this is not an estimate of the memory usage

	-> Allocated ~ 1270 million nodes to the nodepool, this is not an estimate of the memory usage

	-> Allocated ~ 1280 million nodes to the nodepool, this is not an estimate of the memory usage

	-> Allocated ~ 1290 million nodes to the nodepool, this is not an estimate of the memory usage

	-> Allocated ~ 1300 million nodes to the nodepool, this is not an estimate of the memory usage

	-> Allocated ~ 1310 million nodes to the nodepool, this is not an estimate of the memory usage

	-> Allocated ~ 1320 million nodes to the nodepool, this is not an estimate of the memory usage

	-> Allocated ~ 1330 million nodes to the nodepool, this is not an estimate of the memory usage

	-> Allocated ~ 1340 million nodes to the nodepool, this is not an estimate of the memory usage

	-> Allocated ~ 1350 million nodes to the nodepool, this is not an estimate of the memory usage

	-> Allocated ~ 1360 million nodes to the nodepool, this is not an estimate of the memory usage

	-> Allocated ~ 1370 million nodes to the nodepool, this is not an estimate of the memory usage

	-> Allocated ~ 1380 million nodes to the nodepool, this is not an estimate of the memory usage

	-> Allocated ~ 1390 million nodes to the nodepool, this is not an estimate of the memory usage

	-> Allocated ~ 1400 million nodes to the nodepool, this is not an estimate of the memory usage

	-> Allocated ~ 1410 million nodes to the nodepool, this is not an estimate of the memory usage

	-> Allocated ~ 1420 million nodes to the nodepool, this is not an estimate of the memory usage

	-> Allocated ~ 1430 million nodes to the nodepool, this is not an estimate of the memory usage

	-> Allocated ~ 1440 million nodes to the nodepool, this is not an estimate of the memory usage

	-> Allocated ~ 1450 million nodes to the nodepool, this is not an estimate of the memory usage

	-> Allocated ~ 1460 million nodes to the nodepool, this is not an estimate of the memory usage

	-> Allocated ~ 1470 million nodes to the nodepool, this is not an estimate of the memory usage

	-> Allocated ~ 1480 million nodes to the nodepool, this is not an estimate of the memory usage
	-> Printing at chr: chr4 pos:113388115 chunknumber 100 contains 11381 sites
	-> Printing at chr: chr4 pos:114023287 chunknumber 200 contains 8863 sites
	-> Printing at chr: chr4 pos:114753353 chunknumber 300 contains 5698 sites

	-> Allocated ~ 1490 million nodes to the nodepool, this is not an estimate of the memory usage

	-> Allocated ~ 1500 million nodes to the nodepool, this is not an estimate of the memory usage

	-> Allocated ~ 1510 million nodes to the nodepool, this is not an estimate of the memory usage

	-> Allocated ~ 1520 million nodes to the nodepool, this is not an estimate of the memory usage

	-> Allocated ~ 1530 million nodes to the nodepool, this is not an estimate of the memory usage

	-> Allocated ~ 1540 million nodes to the nodepool, this is not an estimate of the memory usage

	-> Allocated ~ 1550 million nodes to the nodepool, this is not an estimate of the memory usage
	-> Printing at chr: chr4 pos:115447566 chunknumber 400 contains 4179 sites
	-> Printing at chr: chr4 pos:116152611 chunknumber 500 contains 6693 sites

	-> Allocated ~ 1560 million nodes to the nodepool, this is not an estimate of the memory usage

	-> Allocated ~ 1570 million nodes to the nodepool, this is not an estimate of the memory usage

	-> Allocated ~ 1580 million nodes to the nodepool, this is not an estimate of the memory usage

	-> Allocated ~ 1590 million nodes to the nodepool, this is not an estimate of the memory usage

	-> Allocated ~ 1600 million nodes to the nodepool, this is not an estimate of the memory usage

	-> Allocated ~ 1610 million nodes to the nodepool, this is not an estimate of the memory usage
	-> Printing at chr: chr4 pos:116894284 chunknumber 600 contains 6093 sites
	-> Printing at chr: chr4 pos:117604985 chunknumber 700 contains 8142 sites
	-> Printing at chr: chr4 pos:118262552 chunknumber 800 contains 5263 sites

	-> Allocated ~ 1620 million nodes to the nodepool, this is not an estimate of the memory usage

	-> Allocated ~ 1630 million nodes to the nodepool, this is not an estimate of the memory usage

	-> Allocated ~ 1640 million nodes to the nodepool, this is not an estimate of the memory usage

	-> Allocated ~ 1650 million nodes to the nodepool, this is not an estimate of the memory usage

	-> Allocated ~ 1660 million nodes to the nodepool, this is not an estimate of the memory usage

	-> Allocated ~ 1670 million nodes to the nodepool, this is not an estimate of the memory usage

	-> Allocated ~ 1680 million nodes to the nodepool, this is not an estimate of the memory usage

	-> Allocated ~ 1690 million nodes to the nodepool, this is not an estimate of the memory usage

	-> Allocated ~ 1700 million nodes to the nodepool, this is not an estimate of the memory usage

	-> Allocated ~ 1710 million nodes to the nodepool, this is not an estimate of the memory usage

	-> Allocated ~ 1720 million nodes to the nodepool, this is not an estimate of the memory usage

	-> Allocated ~ 1730 million nodes to the nodepool, this is not an estimate of the memory usage

	-> Allocated ~ 1740 million nodes to the nodepool, this is not an estimate of the memory usage

	-> Allocated ~ 1750 million nodes to the nodepool, this is not an estimate of the memory usage

	-> Allocated ~ 1760 million nodes to the nodepool, this is not an estimate of the memory usage

	-> Allocated ~ 1770 million nodes to the nodepool, this is not an estimate of the memory usage

	-> Allocated ~ 1780 million nodes to the nodepool, this is not an estimate of the memory usage

	-> Allocated ~ 1790 million nodes to the nodepool, this is not an estimate of the memory usage

	-> Allocated ~ 1800 million nodes to the nodepool, this is not an estimate of the memory usage

	-> Allocated ~ 1810 million nodes to the nodepool, this is not an estimate of the memory usage

	-> Allocated ~ 1820 million nodes to the nodepool, this is not an estimate of the memory usage

	-> Allocated ~ 1830 million nodes to the nodepool, this is not an estimate of the memory usage

	-> Allocated ~ 1840 million nodes to the nodepool, this is not an estimate of the memory usage

	-> Allocated ~ 1850 million nodes to the nodepool, this is not an estimate of the memory usage

	-> Allocated ~ 1860 million nodes to the nodepool, this is not an estimate of the memory usage

	-> Allocated ~ 1870 million nodes to the nodepool, this is not an estimate of the memory usage

	-> Allocated ~ 1880 million nodes to the nodepool, this is not an estimate of the memory usage

	-> Allocated ~ 1890 million nodes to the nodepool, this is not an estimate of the memory usage

	-> Allocated ~ 1900 million nodes to the nodepool, this is not an estimate of the memory usage

	-> Allocated ~ 1910 million nodes to the nodepool, this is not an estimate of the memory usage

	-> Allocated ~ 1920 million nodes to the nodepool, this is not an estimate of the memory usage

	-> Allocated ~ 1930 million nodes to the nodepool, this is not an estimate of the memory usage

	-> Allocated ~ 1940 million nodes to the nodepool, this is not an estimate of the memory usage

	-> Allocated ~ 1950 million nodes to the nodepool, this is not an estimate of the memory usage

	-> Allocated ~ 1960 million nodes to the nodepool, this is not an estimate of the memory usage

	-> Allocated ~ 1970 million nodes to the nodepool, this is not an estimate of the memory usage

	-> Allocated ~ 1980 million nodes to the nodepool, this is not an estimate of the memory usage

	-> Allocated ~ 1990 million nodes to the nodepool, this is not an estimate of the memory usage

	-> Allocated ~ 2000 million nodes to the nodepool, this is not an estimate of the memory usage

	-> Allocated ~ 2010 million nodes to the nodepool, this is not an estimate of the memory usage

	-> Allocated ~ 2020 million nodes to the nodepool, this is not an estimate of the memory usage

	-> Allocated ~ 2030 million nodes to the nodepool, this is not an estimate of the memory usage

	-> Allocated ~ 2040 million nodes to the nodepool, this is not an estimate of the memory usage

	-> Allocated ~ 2050 million nodes to the nodepool, this is not an estimate of the memory usage

	-> Allocated ~ 2060 million nodes to the nodepool, this is not an estimate of the memory usage

	-> Allocated ~ 2070 million nodes to the nodepool, this is not an estimate of the memory usage

	-> Allocated ~ 2080 million nodes to the nodepool, this is not an estimate of the memory usage

	-> Allocated ~ 2090 million nodes to the nodepool, this is not an estimate of the memory usage

	-> Allocated ~ 2100 million nodes to the nodepool, this is not an estimate of the memory usage

	-> Allocated ~ 2110 million nodes to the nodepool, this is not an estimate of the memory usage

	-> Allocated ~ 2120 million nodes to the nodepool, this is not an estimate of the memory usage

	-> Allocated ~ 2130 million nodes to the nodepool, this is not an estimate of the memory usage

	-> Allocated ~ 2140 million nodes to the nodepool, this is not an estimate of the memory usage

	-> Allocated ~ 2150 million nodes to the nodepool, this is not an estimate of the memory usage

	-> Allocated ~ 2160 million nodes to the nodepool, this is not an estimate of the memory usage

	-> Allocated ~ 2170 million nodes to the nodepool, this is not an estimate of the memory usage

	-> Allocated ~ 2180 million nodes to the nodepool, this is not an estimate of the memory usage

	-> Allocated ~ 2190 million nodes to the nodepool, this is not an estimate of the memory usage

	-> Allocated ~ 2200 million nodes to the nodepool, this is not an estimate of the memory usage

	-> Allocated ~ 2210 million nodes to the nodepool, this is not an estimate of the memory usage

	-> Allocated ~ 2220 million nodes to the nodepool, this is not an estimate of the memory usage

	-> Allocated ~ 2230 million nodes to the nodepool, this is not an estimate of the memory usage

	-> Allocated ~ 2240 million nodes to the nodepool, this is not an estimate of the memory usage

	-> Allocated ~ 2250 million nodes to the nodepool, this is not an estimate of the memory usage

	-> Allocated ~ 2260 million nodes to the nodepool, this is not an estimate of the memory usage

	-> Allocated ~ 2270 million nodes to the nodepool, this is not an estimate of the memory usage

	-> Allocated ~ 2280 million nodes to the nodepool, this is not an estimate of the memory usage

	-> Allocated ~ 2290 million nodes to the nodepool, this is not an estimate of the memory usage

	-> Allocated ~ 2300 million nodes to the nodepool, this is not an estimate of the memory usage

	-> Allocated ~ 2310 million nodes to the nodepool, this is not an estimate of the memory usage

	-> Allocated ~ 2320 million nodes to the nodepool, this is not an estimate of the memory usage

	-> Allocated ~ 2330 million nodes to the nodepool, this is not an estimate of the memory usage

	-> Allocated ~ 2340 million nodes to the nodepool, this is not an estimate of the memory usage

	-> Allocated ~ 2350 million nodes to the nodepool, this is not an estimate of the memory usage

	-> Allocated ~ 2360 million nodes to the nodepool, this is not an estimate of the memory usage

	-> Allocated ~ 2370 million nodes to the nodepool, this is not an estimate of the memory usage

	-> Allocated ~ 2380 million nodes to the nodepool, this is not an estimate of the memory usage

	-> Allocated ~ 2390 million nodes to the nodepool, this is not an estimate of the memory usage

	-> Allocated ~ 2400 million nodes to the nodepool, this is not an estimate of the memory usage

	-> Allocated ~ 2410 million nodes to the nodepool, this is not an estimate of the memory usage

	-> Allocated ~ 2420 million nodes to the nodepool, this is not an estimate of the memory usage

	-> Allocated ~ 2430 million nodes to the nodepool, this is not an estimate of the memory usage

	-> Allocated ~ 2440 million nodes to the nodepool, this is not an estimate of the memory usage

	-> Allocated ~ 2450 million nodes to the nodepool, this is not an estimate of the memory usage

	-> Allocated ~ 2460 million nodes to the nodepool, this is not an estimate of the memory usage

	-> Allocated ~ 2470 million nodes to the nodepool, this is not an estimate of the memory usage

	-> Allocated ~ 2480 million nodes to the nodepool, this is not an estimate of the memory usage

	-> Allocated ~ 2490 million nodes to the nodepool, this is not an estimate of the memory usage

	-> Allocated ~ 2500 million nodes to the nodepool, this is not an estimate of the memory usage

	-> Allocated ~ 2510 million nodes to the nodepool, this is not an estimate of the memory usage

	-> Allocated ~ 2520 million nodes to the nodepool, this is not an estimate of the memory usage

	-> Allocated ~ 2530 million nodes to the nodepool, this is not an estimate of the memory usage

	-> Allocated ~ 2540 million nodes to the nodepool, this is not an estimate of the memory usage

	-> Allocated ~ 2550 million nodes to the nodepool, this is not an estimate of the memory usage

	-> Allocated ~ 2560 million nodes to the nodepool, this is not an estimate of the memory usage

	-> Allocated ~ 2570 million nodes to the nodepool, this is not an estimate of the memory usage

	-> Allocated ~ 2580 million nodes to the nodepool, this is not an estimate of the memory usage

	-> Allocated ~ 2590 million nodes to the nodepool, this is not an estimate of the memory usage

	-> Allocated ~ 2600 million nodes to the nodepool, this is not an estimate of the memory usage

	-> Allocated ~ 2610 million nodes to the nodepool, this is not an estimate of the memory usage

	-> Allocated ~ 2620 million nodes to the nodepool, this is not an estimate of the memory usage

	-> Allocated ~ 2630 million nodes to the nodepool, this is not an estimate of the memory usage

	-> Allocated ~ 2640 million nodes to the nodepool, this is not an estimate of the memory usage

	-> Allocated ~ 2650 million nodes to the nodepool, this is not an estimate of the memory usage

	-> Allocated ~ 2660 million nodes to the nodepool, this is not an estimate of the memory usage

	-> Allocated ~ 2670 million nodes to the nodepool, this is not an estimate of the memory usage

	-> Allocated ~ 2680 million nodes to the nodepool, this is not an estimate of the memory usage

	-> Allocated ~ 2690 million nodes to the nodepool, this is not an estimate of the memory usage

	-> Allocated ~ 2700 million nodes to the nodepool, this is not an estimate of the memory usage

	-> Allocated ~ 2710 million nodes to the nodepool, this is not an estimate of the memory usage

	-> Allocated ~ 2720 million nodes to the nodepool, this is not an estimate of the memory usage

	-> Allocated ~ 2730 million nodes to the nodepool, this is not an estimate of the memory usage

	-> Allocated ~ 2740 million nodes to the nodepool, this is not an estimate of the memory usage

	-> Allocated ~ 2750 million nodes to the nodepool, this is not an estimate of the memory usage

	-> Allocated ~ 2760 million nodes to the nodepool, this is not an estimate of the memory usage

	-> Allocated ~ 2770 million nodes to the nodepool, this is not an estimate of the memory usage

	-> Allocated ~ 2780 million nodes to the nodepool, this is not an estimate of the memory usage

	-> Allocated ~ 2790 million nodes to the nodepool, this is not an estimate of the memory usage

	-> Allocated ~ 2800 million nodes to the nodepool, this is not an estimate of the memory usage

	-> Allocated ~ 2810 million nodes to the nodepool, this is not an estimate of the memory usage

	-> Allocated ~ 2820 million nodes to the nodepool, this is not an estimate of the memory usage

	-> Allocated ~ 2830 million nodes to the nodepool, this is not an estimate of the memory usage

	-> Allocated ~ 2840 million nodes to the nodepool, this is not an estimate of the memory usage

	-> Allocated ~ 2850 million nodes to the nodepool, this is not an estimate of the memory usage

	-> Allocated ~ 2860 million nodes to the nodepool, this is not an estimate of the memory usage

	-> Allocated ~ 2870 million nodes to the nodepool, this is not an estimate of the memory usage

	-> Allocated ~ 2880 million nodes to the nodepool, this is not an estimate of the memory usage

	-> Allocated ~ 2890 million nodes to the nodepool, this is not an estimate of the memory usage

	-> Allocated ~ 2900 million nodes to the nodepool, this is not an estimate of the memory usage

	-> Allocated ~ 2910 million nodes to the nodepool, this is not an estimate of the memory usage

	-> Allocated ~ 2920 million nodes to the nodepool, this is not an estimate of the memory usage

	-> Allocated ~ 2930 million nodes to the nodepool, this is not an estimate of the memory usage

	-> Allocated ~ 2940 million nodes to the nodepool, this is not an estimate of the memory usage

	-> Allocated ~ 2950 million nodes to the nodepool, this is not an estimate of the memory usage

	-> Allocated ~ 2960 million nodes to the nodepool, this is not an estimate of the memory usage

	-> Allocated ~ 2970 million nodes to the nodepool, this is not an estimate of the memory usage

	-> Allocated ~ 2980 million nodes to the nodepool, this is not an estimate of the memory usage

	-> Allocated ~ 2990 million nodes to the nodepool, this is not an estimate of the memory usage

	-> Allocated ~ 3000 million nodes to the nodepool, this is not an estimate of the memory usage

	-> Allocated ~ 3010 million nodes to the nodepool, this is not an estimate of the memory usage

	-> Allocated ~ 3020 million nodes to the nodepool, this is not an estimate of the memory usage

	-> Allocated ~ 3030 million nodes to the nodepool, this is not an estimate of the memory usage

	-> Allocated ~ 3040 million nodes to the nodepool, this is not an estimate of the memory usage

	-> Allocated ~ 3050 million nodes to the nodepool, this is not an estimate of the memory usage

	-> Allocated ~ 3060 million nodes to the nodepool, this is not an estimate of the memory usage

	-> Allocated ~ 3070 million nodes to the nodepool, this is not an estimate of the memory usage

	-> Allocated ~ 3080 million nodes to the nodepool, this is not an estimate of the memory usage

	-> Allocated ~ 3090 million nodes to the nodepool, this is not an estimate of the memory usage

	-> Allocated ~ 3100 million nodes to the nodepool, this is not an estimate of the memory usage

	-> Allocated ~ 3110 million nodes to the nodepool, this is not an estimate of the memory usage

	-> Allocated ~ 3120 million nodes to the nodepool, this is not an estimate of the memory usage

	-> Allocated ~ 3130 million nodes to the nodepool, this is not an estimate of the memory usage

	-> Allocated ~ 3140 million nodes to the nodepool, this is not an estimate of the memory usage

	-> Allocated ~ 3150 million nodes to the nodepool, this is not an estimate of the memory usage

	-> Allocated ~ 3160 million nodes to the nodepool, this is not an estimate of the memory usage

	-> Allocated ~ 3170 million nodes to the nodepool, this is not an estimate of the memory usage

	-> Allocated ~ 3180 million nodes to the nodepool, this is not an estimate of the memory usage

	-> Allocated ~ 3190 million nodes to the nodepool, this is not an estimate of the memory usage

	-> Allocated ~ 3200 million nodes to the nodepool, this is not an estimate of the memory usage

	-> Allocated ~ 3210 million nodes to the nodepool, this is not an estimate of the memory usage

	-> Allocated ~ 3220 million nodes to the nodepool, this is not an estimate of the memory usage

	-> Allocated ~ 3230 million nodes to the nodepool, this is not an estimate of the memory usage

	-> Allocated ~ 3240 million nodes to the nodepool, this is not an estimate of the memory usage

	-> Allocated ~ 3250 million nodes to the nodepool, this is not an estimate of the memory usage

	-> Allocated ~ 3260 million nodes to the nodepool, this is not an estimate of the memory usage

	-> Allocated ~ 3270 million nodes to the nodepool, this is not an estimate of the memory usage

	-> Allocated ~ 3280 million nodes to the nodepool, this is not an estimate of the memory usage

	-> Allocated ~ 3290 million nodes to the nodepool, this is not an estimate of the memory usage

	-> Allocated ~ 3300 million nodes to the nodepool, this is not an estimate of the memory usage

	-> Allocated ~ 3310 million nodes to the nodepool, this is not an estimate of the memory usage

	-> Allocated ~ 3320 million nodes to the nodepool, this is not an estimate of the memory usage

	-> Allocated ~ 3330 million nodes to the nodepool, this is not an estimate of the memory usage

	-> Allocated ~ 3340 million nodes to the nodepool, this is not an estimate of the memory usage

	-> Allocated ~ 3350 million nodes to the nodepool, this is not an estimate of the memory usage

	-> Allocated ~ 3360 million nodes to the nodepool, this is not an estimate of the memory usage

	-> Allocated ~ 3370 million nodes to the nodepool, this is not an estimate of the memory usage

	-> Allocated ~ 3380 million nodes to the nodepool, this is not an estimate of the memory usage

	-> Allocated ~ 3390 million nodes to the nodepool, this is not an estimate of the memory usage

	-> Allocated ~ 3400 million nodes to the nodepool, this is not an estimate of the memory usage

	-> Allocated ~ 3410 million nodes to the nodepool, this is not an estimate of the memory usage

	-> Allocated ~ 3420 million nodes to the nodepool, this is not an estimate of the memory usage

	-> Allocated ~ 3430 million nodes to the nodepool, this is not an estimate of the memory usage

	-> Allocated ~ 3440 million nodes to the nodepool, this is not an estimate of the memory usage

	-> Allocated ~ 3450 million nodes to the nodepool, this is not an estimate of the memory usage

	-> Allocated ~ 3460 million nodes to the nodepool, this is not an estimate of the memory usage

	-> Allocated ~ 3470 million nodes to the nodepool, this is not an estimate of the memory usage

	-> Allocated ~ 3480 million nodes to the nodepool, this is not an estimate of the memory usage

	-> Allocated ~ 3490 million nodes to the nodepool, this is not an estimate of the memory usage

	-> Allocated ~ 3500 million nodes to the nodepool, this is not an estimate of the memory usage

	-> Allocated ~ 3510 million nodes to the nodepool, this is not an estimate of the memory usage

	-> Allocated ~ 3520 million nodes to the nodepool, this is not an estimate of the memory usage

	-> Allocated ~ 3530 million nodes to the nodepool, this is not an estimate of the memory usage

	-> Allocated ~ 3540 million nodes to the nodepool, this is not an estimate of the memory usage

	-> Allocated ~ 3550 million nodes to the nodepool, this is not an estimate of the memory usage

	-> Allocated ~ 3560 million nodes to the nodepool, this is not an estimate of the memory usage

	-> Allocated ~ 3570 million nodes to the nodepool, this is not an estimate of the memory usage

	-> Allocated ~ 3580 million nodes to the nodepool, this is not an estimate of the memory usage

	-> Allocated ~ 3590 million nodes to the nodepool, this is not an estimate of the memory usage

	-> Allocated ~ 3600 million nodes to the nodepool, this is not an estimate of the memory usage

	-> Allocated ~ 3610 million nodes to the nodepool, this is not an estimate of the memory usage

	-> Allocated ~ 3620 million nodes to the nodepool, this is not an estimate of the memory usage

	-> Allocated ~ 3630 million nodes to the nodepool, this is not an estimate of the memory usage

	-> Allocated ~ 3640 million nodes to the nodepool, this is not an estimate of the memory usage

	-> Allocated ~ 3650 million nodes to the nodepool, this is not an estimate of the memory usage

	-> Allocated ~ 3660 million nodes to the nodepool, this is not an estimate of the memory usage

	-> Allocated ~ 3670 million nodes to the nodepool, this is not an estimate of the memory usage

	-> Allocated ~ 3680 million nodes to the nodepool, this is not an estimate of the memory usage

	-> Allocated ~ 3690 million nodes to the nodepool, this is not an estimate of the memory usage

	-> Allocated ~ 3700 million nodes to the nodepool, this is not an estimate of the memory usage

	-> Allocated ~ 3710 million nodes to the nodepool, this is not an estimate of the memory usage

	-> Allocated ~ 3720 million nodes to the nodepool, this is not an estimate of the memory usage

	-> Allocated ~ 3730 million nodes to the nodepool, this is not an estimate of the memory usage

	-> Allocated ~ 3740 million nodes to the nodepool, this is not an estimate of the memory usage

	-> Allocated ~ 3750 million nodes to the nodepool, this is not an estimate of the memory usage

	-> Allocated ~ 3760 million nodes to the nodepool, this is not an estimate of the memory usage

	-> Allocated ~ 3770 million nodes to the nodepool, this is not an estimate of the memory usage

	-> Allocated ~ 3780 million nodes to the nodepool, this is not an estimate of the memory usage

	-> Allocated ~ 3790 million nodes to the nodepool, this is not an estimate of the memory usage

	-> Allocated ~ 3800 million nodes to the nodepool, this is not an estimate of the memory usage

	-> Allocated ~ 3810 million nodes to the nodepool, this is not an estimate of the memory usage

	-> Allocated ~ 3820 million nodes to the nodepool, this is not an estimate of the memory usage

	-> Allocated ~ 3830 million nodes to the nodepool, this is not an estimate of the memory usage

	-> Allocated ~ 3840 million nodes to the nodepool, this is not an estimate of the memory usage

	-> Allocated ~ 3850 million nodes to the nodepool, this is not an estimate of the memory usage

	-> Allocated ~ 3860 million nodes to the nodepool, this is not an estimate of the memory usage

	-> Allocated ~ 3870 million nodes to the nodepool, this is not an estimate of the memory usage

	-> Allocated ~ 3880 million nodes to the nodepool, this is not an estimate of the memory usage

	-> Allocated ~ 3890 million nodes to the nodepool, this is not an estimate of the memory usage

	-> Allocated ~ 3900 million nodes to the nodepool, this is not an estimate of the memory usage

	-> Allocated ~ 3910 million nodes to the nodepool, this is not an estimate of the memory usage

	-> Allocated ~ 3920 million nodes to the nodepool, this is not an estimate of the memory usage

	-> Allocated ~ 3930 million nodes to the nodepool, this is not an estimate of the memory usage

	-> Allocated ~ 3940 million nodes to the nodepool, this is not an estimate of the memory usage

	-> Allocated ~ 3950 million nodes to the nodepool, this is not an estimate of the memory usage

	-> Allocated ~ 3960 million nodes to the nodepool, this is not an estimate of the memory usage

	-> Allocated ~ 3970 million nodes to the nodepool, this is not an estimate of the memory usage

	-> Allocated ~ 3980 million nodes to the nodepool, this is not an estimate of the memory usage

	-> Allocated ~ 3990 million nodes to the nodepool, this is not an estimate of the memory usage

	-> Allocated ~ 4000 million nodes to the nodepool, this is not an estimate of the memory usage

	-> Allocated ~ 4010 million nodes to the nodepool, this is not an estimate of the memory usage

	-> Allocated ~ 4020 million nodes to the nodepool, this is not an estimate of the memory usage

	-> Allocated ~ 4030 million nodes to the nodepool, this is not an estimate of the memory usage

	-> Allocated ~ 4040 million nodes to the nodepool, this is not an estimate of the memory usage

	-> Allocated ~ 4050 million nodes to the nodepool, this is not an estimate of the memory usage

	-> Allocated ~ 4060 million nodes to the nodepool, this is not an estimate of the memory usage

	-> Allocated ~ 4070 million nodes to the nodepool, this is not an estimate of the memory usage

	-> Allocated ~ 4080 million nodes to the nodepool, this is not an estimate of the memory usage

	-> Allocated ~ 4090 million nodes to the nodepool, this is not an estimate of the memory usage

	-> Allocated ~ 4100 million nodes to the nodepool, this is not an estimate of the memory usage

	-> Allocated ~ 4110 million nodes to the nodepool, this is not an estimate of the memory usage

	-> Allocated ~ 4120 million nodes to the nodepool, this is not an estimate of the memory usage

	-> Allocated ~ 4130 million nodes to the nodepool, this is not an estimate of the memory usage

	-> Allocated ~ 4140 million nodes to the nodepool, this is not an estimate of the memory usage

	-> Allocated ~ 4150 million nodes to the nodepool, this is not an estimate of the memory usage

	-> Allocated ~ 4160 million nodes to the nodepool, this is not an estimate of the memory usage

	-> Allocated ~ 4170 million nodes to the nodepool, this is not an estimate of the memory usage

	-> Allocated ~ 4180 million nodes to the nodepool, this is not an estimate of the memory usage

	-> Allocated ~ 4190 million nodes to the nodepool, this is not an estimate of the memory usage

	-> Allocated ~ 4200 million nodes to the nodepool, this is not an estimate of the memory usage

	-> Allocated ~ 4210 million nodes to the nodepool, this is not an estimate of the memory usage

	-> Allocated ~ 4220 million nodes to the nodepool, this is not an estimate of the memory usage

	-> Allocated ~ 4230 million nodes to the nodepool, this is not an estimate of the memory usage

	-> Allocated ~ 4240 million nodes to the nodepool, this is not an estimate of the memory usage

	-> Allocated ~ 4250 million nodes to the nodepool, this is not an estimate of the memory usage

	-> Allocated ~ 4260 million nodes to the nodepool, this is not an estimate of the memory usage

	-> Allocated ~ 4270 million nodes to the nodepool, this is not an estimate of the memory usage

	-> Allocated ~ 4280 million nodes to the nodepool, this is not an estimate of the memory usage

	-> Allocated ~ 4290 million nodes to the nodepool, this is not an estimate of the memory usage

	-> Allocated ~ 4300 million nodes to the nodepool, this is not an estimate of the memory usage

	-> Allocated ~ 4310 million nodes to the nodepool, this is not an estimate of the memory usage

	-> Allocated ~ 4320 million nodes to the nodepool, this is not an estimate of the memory usage

	-> Allocated ~ 4330 million nodes to the nodepool, this is not an estimate of the memory usage

	-> Allocated ~ 4340 million nodes to the nodepool, this is not an estimate of the memory usage

	-> Allocated ~ 4350 million nodes to the nodepool, this is not an estimate of the memory usage

	-> Allocated ~ 4360 million nodes to the nodepool, this is not an estimate of the memory usage

	-> Allocated ~ 4370 million nodes to the nodepool, this is not an estimate of the memory usage

	-> Allocated ~ 4380 million nodes to the nodepool, this is not an estimate of the memory usage

	-> Allocated ~ 4390 million nodes to the nodepool, this is not an estimate of the memory usage

	-> Allocated ~ 4400 million nodes to the nodepool, this is not an estimate of the memory usage

	-> Allocated ~ 4410 million nodes to the nodepool, this is not an estimate of the memory usage

	-> Allocated ~ 4420 million nodes to the nodepool, this is not an estimate of the memory usage

	-> Allocated ~ 4430 million nodes to the nodepool, this is not an estimate of the memory usage
	-> Printing at chr: chr4 pos:119207421 chunknumber 900 contains 3904 sites
	-> Printing at chr: chr4 pos:119901831 chunknumber 1000 contains 2795 sites
	-> Printing at chr: chr4 pos:120597923 chunknumber 1100 contains 5795 sites
	-> Printing at chr: chr4 pos:121283049 chunknumber 1200 contains 3251 sites
	-> Printing at chr: chr4 pos:121995603 chunknumber 1300 contains 4372 sites
	-> Printing at chr: chr4 pos:122640947 chunknumber 1400 contains 4084 sites
	-> Printing at chr: chr4 pos:123338540 chunknumber 1500 contains 10551 sites
	-> Printing at chr: chr4 pos:124019017 chunknumber 1600 contains 11717 sites
	-> Printing at chr: chr4 pos:124714964 chunknumber 1700 contains 7023 sites

	-> Allocated ~ 4440 million nodes to the nodepool, this is not an estimate of the memory usage

	-> Allocated ~ 4450 million nodes to the nodepool, this is not an estimate of the memory usage

	-> Allocated ~ 4460 million nodes to the nodepool, this is not an estimate of the memory usage

	-> Allocated ~ 4470 million nodes to the nodepool, this is not an estimate of the memory usage

	-> Allocated ~ 4480 million nodes to the nodepool, this is not an estimate of the memory usage

	-> Allocated ~ 4490 million nodes to the nodepool, this is not an estimate of the memory usage

	-> Allocated ~ 4500 million nodes to the nodepool, this is not an estimate of the memory usage

	-> Allocated ~ 4510 million nodes to the nodepool, this is not an estimate of the memory usage

	-> Allocated ~ 4520 million nodes to the nodepool, this is not an estimate of the memory usage

	-> Allocated ~ 4530 million nodes to the nodepool, this is not an estimate of the memory usage

	-> Allocated ~ 4540 million nodes to the nodepool, this is not an estimate of the memory usage

	-> Allocated ~ 4550 million nodes to the nodepool, this is not an estimate of the memory usage

	-> Allocated ~ 4560 million nodes to the nodepool, this is not an estimate of the memory usage

	-> Allocated ~ 4570 million nodes to the nodepool, this is not an estimate of the memory usage

	-> Allocated ~ 4580 million nodes to the nodepool, this is not an estimate of the memory usage

	-> Allocated ~ 4590 million nodes to the nodepool, this is not an estimate of the memory usage

	-> Allocated ~ 4600 million nodes to the nodepool, this is not an estimate of the memory usage

	-> Allocated ~ 4610 million nodes to the nodepool, this is not an estimate of the memory usage

	-> Allocated ~ 4620 million nodes to the nodepool, this is not an estimate of the memory usage

	-> Allocated ~ 4630 million nodes to the nodepool, this is not an estimate of the memory usage

	-> Allocated ~ 4640 million nodes to the nodepool, this is not an estimate of the memory usage

	-> Allocated ~ 4650 million nodes to the nodepool, this is not an estimate of the memory usage

	-> Allocated ~ 4660 million nodes to the nodepool, this is not an estimate of the memory usage

	-> Allocated ~ 4670 million nodes to the nodepool, this is not an estimate of the memory usage

	-> Allocated ~ 4680 million nodes to the nodepool, this is not an estimate of the memory usage

	-> Allocated ~ 4690 million nodes to the nodepool, this is not an estimate of the memory usage

	-> Allocated ~ 4700 million nodes to the nodepool, this is not an estimate of the memory usage

	-> Allocated ~ 4710 million nodes to the nodepool, this is not an estimate of the memory usage

	-> Allocated ~ 4720 million nodes to the nodepool, this is not an estimate of the memory usage

	-> Allocated ~ 4730 million nodes to the nodepool, this is not an estimate of the memory usage

	-> Allocated ~ 4740 million nodes to the nodepool, this is not an estimate of the memory usage

	-> Allocated ~ 4750 million nodes to the nodepool, this is not an estimate of the memory usage

	-> Allocated ~ 4760 million nodes to the nodepool, this is not an estimate of the memory usage

	-> Allocated ~ 4770 million nodes to the nodepool, this is not an estimate of the memory usage

	-> Allocated ~ 4780 million nodes to the nodepool, this is not an estimate of the memory usage

	-> Allocated ~ 4790 million nodes to the nodepool, this is not an estimate of the memory usage

	-> Allocated ~ 4800 million nodes to the nodepool, this is not an estimate of the memory usage

	-> Allocated ~ 4810 million nodes to the nodepool, this is not an estimate of the memory usage

	-> Allocated ~ 4820 million nodes to the nodepool, this is not an estimate of the memory usage

	-> Allocated ~ 4830 million nodes to the nodepool, this is not an estimate of the memory usage

	-> Allocated ~ 4840 million nodes to the nodepool, this is not an estimate of the memory usage

	-> Allocated ~ 4850 million nodes to the nodepool, this is not an estimate of the memory usage

	-> Allocated ~ 4860 million nodes to the nodepool, this is not an estimate of the memory usage

	-> Allocated ~ 4870 million nodes to the nodepool, this is not an estimate of the memory usage

	-> Allocated ~ 4880 million nodes to the nodepool, this is not an estimate of the memory usage

	-> Allocated ~ 4890 million nodes to the nodepool, this is not an estimate of the memory usage

	-> Allocated ~ 4900 million nodes to the nodepool, this is not an estimate of the memory usage

	-> Allocated ~ 4910 million nodes to the nodepool, this is not an estimate of the memory usage

	-> Allocated ~ 4920 million nodes to the nodepool, this is not an estimate of the memory usage

	-> Allocated ~ 4930 million nodes to the nodepool, this is not an estimate of the memory usage

	-> Allocated ~ 4940 million nodes to the nodepool, this is not an estimate of the memory usage

	-> Allocated ~ 4950 million nodes to the nodepool, this is not an estimate of the memory usage

	-> Allocated ~ 4960 million nodes to the nodepool, this is not an estimate of the memory usage

	-> Allocated ~ 4970 million nodes to the nodepool, this is not an estimate of the memory usage

	-> Allocated ~ 4980 million nodes to the nodepool, this is not an estimate of the memory usage

	-> Allocated ~ 4990 million nodes to the nodepool, this is not an estimate of the memory usage

	-> Allocated ~ 5000 million nodes to the nodepool, this is not an estimate of the memory usage

	-> Allocated ~ 5010 million nodes to the nodepool, this is not an estimate of the memory usage

	-> Allocated ~ 5020 million nodes to the nodepool, this is not an estimate of the memory usage

	-> Allocated ~ 5030 million nodes to the nodepool, this is not an estimate of the memory usage

	-> Allocated ~ 5040 million nodes to the nodepool, this is not an estimate of the memory usage

	-> Allocated ~ 5050 million nodes to the nodepool, this is not an estimate of the memory usage

	-> Allocated ~ 5060 million nodes to the nodepool, this is not an estimate of the memory usage

	-> Allocated ~ 5070 million nodes to the nodepool, this is not an estimate of the memory usage

	-> Allocated ~ 5080 million nodes to the nodepool, this is not an estimate of the memory usage

	-> Allocated ~ 5090 million nodes to the nodepool, this is not an estimate of the memory usage

	-> Allocated ~ 5100 million nodes to the nodepool, this is not an estimate of the memory usage

	-> Allocated ~ 5110 million nodes to the nodepool, this is not an estimate of the memory usage

	-> Allocated ~ 5120 million nodes to the nodepool, this is not an estimate of the memory usage

	-> Allocated ~ 5130 million nodes to the nodepool, this is not an estimate of the memory usage

	-> Allocated ~ 5140 million nodes to the nodepool, this is not an estimate of the memory usage

	-> Allocated ~ 5150 million nodes to the nodepool, this is not an estimate of the memory usage

	-> Allocated ~ 5160 million nodes to the nodepool, this is not an estimate of the memory usage

	-> Allocated ~ 5170 million nodes to the nodepool, this is not an estimate of the memory usage

	-> Allocated ~ 5180 million nodes to the nodepool, this is not an estimate of the memory usage

	-> Allocated ~ 5190 million nodes to the nodepool, this is not an estimate of the memory usage

	-> Allocated ~ 5200 million nodes to the nodepool, this is not an estimate of the memory usage

	-> Allocated ~ 5210 million nodes to the nodepool, this is not an estimate of the memory usage

	-> Allocated ~ 5220 million nodes to the nodepool, this is not an estimate of the memory usage

	-> Allocated ~ 5230 million nodes to the nodepool, this is not an estimate of the memory usage

	-> Allocated ~ 5240 million nodes to the nodepool, this is not an estimate of the memory usage

	-> Allocated ~ 5250 million nodes to the nodepool, this is not an estimate of the memory usage

	-> Allocated ~ 5260 million nodes to the nodepool, this is not an estimate of the memory usage

	-> Allocated ~ 5270 million nodes to the nodepool, this is not an estimate of the memory usage

	-> Allocated ~ 5280 million nodes to the nodepool, this is not an estimate of the memory usage

	-> Allocated ~ 5290 million nodes to the nodepool, this is not an estimate of the memory usage

	-> Allocated ~ 5300 million nodes to the nodepool, this is not an estimate of the memory usage

	-> Allocated ~ 5310 million nodes to the nodepool, this is not an estimate of the memory usage

	-> Allocated ~ 5320 million nodes to the nodepool, this is not an estimate of the memory usage

	-> Allocated ~ 5330 million nodes to the nodepool, this is not an estimate of the memory usage

	-> Allocated ~ 5340 million nodes to the nodepool, this is not an estimate of the memory usage

	-> Allocated ~ 5350 million nodes to the nodepool, this is not an estimate of the memory usage

	-> Allocated ~ 5360 million nodes to the nodepool, this is not an estimate of the memory usage

	-> Allocated ~ 5370 million nodes to the nodepool, this is not an estimate of the memory usage

	-> Allocated ~ 5380 million nodes to the nodepool, this is not an estimate of the memory usage

	-> Allocated ~ 5390 million nodes to the nodepool, this is not an estimate of the memory usage

	-> Allocated ~ 5400 million nodes to the nodepool, this is not an estimate of the memory usage

	-> Allocated ~ 5410 million nodes to the nodepool, this is not an estimate of the memory usage

	-> Allocated ~ 5420 million nodes to the nodepool, this is not an estimate of the memory usage

	-> Allocated ~ 5430 million nodes to the nodepool, this is not an estimate of the memory usage

	-> Allocated ~ 5440 million nodes to the nodepool, this is not an estimate of the memory usage

	-> Allocated ~ 5450 million nodes to the nodepool, this is not an estimate of the memory usage

	-> Allocated ~ 5460 million nodes to the nodepool, this is not an estimate of the memory usage

	-> Allocated ~ 5470 million nodes to the nodepool, this is not an estimate of the memory usage

	-> Allocated ~ 5480 million nodes to the nodepool, this is not an estimate of the memory usage

	-> Allocated ~ 5490 million nodes to the nodepool, this is not an estimate of the memory usage

	-> Allocated ~ 5500 million nodes to the nodepool, this is not an estimate of the memory usage

	-> Allocated ~ 5510 million nodes to the nodepool, this is not an estimate of the memory usage

	-> Allocated ~ 5520 million nodes to the nodepool, this is not an estimate of the memory usage

	-> Allocated ~ 5530 million nodes to the nodepool, this is not an estimate of the memory usage

	-> Allocated ~ 5540 million nodes to the nodepool, this is not an estimate of the memory usage

	-> Allocated ~ 5550 million nodes to the nodepool, this is not an estimate of the memory usage

	-> Allocated ~ 5560 million nodes to the nodepool, this is not an estimate of the memory usage

	-> Allocated ~ 5570 million nodes to the nodepool, this is not an estimate of the memory usage

	-> Allocated ~ 5580 million nodes to the nodepool, this is not an estimate of the memory usage

	-> Allocated ~ 5590 million nodes to the nodepool, this is not an estimate of the memory usage

	-> Allocated ~ 5600 million nodes to the nodepool, this is not an estimate of the memory usage

	-> Allocated ~ 5610 million nodes to the nodepool, this is not an estimate of the memory usage

	-> Allocated ~ 5620 million nodes to the nodepool, this is not an estimate of the memory usage

	-> Allocated ~ 5630 million nodes to the nodepool, this is not an estimate of the memory usage

	-> Allocated ~ 5640 million nodes to the nodepool, this is not an estimate of the memory usage

	-> Allocated ~ 5650 million nodes to the nodepool, this is not an estimate of the memory usage

	-> Allocated ~ 5660 million nodes to the nodepool, this is not an estimate of the memory usage

	-> Allocated ~ 5670 million nodes to the nodepool, this is not an estimate of the memory usage

	-> Allocated ~ 5680 million nodes to the nodepool, this is not an estimate of the memory usage

	-> Allocated ~ 5690 million nodes to the nodepool, this is not an estimate of the memory usage

	-> Allocated ~ 5700 million nodes to the nodepool, this is not an estimate of the memory usage

	-> Allocated ~ 5710 million nodes to the nodepool, this is not an estimate of the memory usage

	-> Allocated ~ 5720 million nodes to the nodepool, this is not an estimate of the memory usage

	-> Allocated ~ 5730 million nodes to the nodepool, this is not an estimate of the memory usage

	-> Allocated ~ 5740 million nodes to the nodepool, this is not an estimate of the memory usage

	-> Allocated ~ 5750 million nodes to the nodepool, this is not an estimate of the memory usage

	-> Allocated ~ 5760 million nodes to the nodepool, this is not an estimate of the memory usage

	-> Allocated ~ 5770 million nodes to the nodepool, this is not an estimate of the memory usage

	-> Allocated ~ 5780 million nodes to the nodepool, this is not an estimate of the memory usage

	-> Allocated ~ 5790 million nodes to the nodepool, this is not an estimate of the memory usage

	-> Allocated ~ 5800 million nodes to the nodepool, this is not an estimate of the memory usage

	-> Allocated ~ 5810 million nodes to the nodepool, this is not an estimate of the memory usage

	-> Allocated ~ 5820 million nodes to the nodepool, this is not an estimate of the memory usage

	-> Allocated ~ 5830 million nodes to the nodepool, this is not an estimate of the memory usage

	-> Allocated ~ 5840 million nodes to the nodepool, this is not an estimate of the memory usage

	-> Allocated ~ 5850 million nodes to the nodepool, this is not an estimate of the memory usage

	-> Done reading data waiting for calculations to finish
	-> Done waiting for threads
	-> Output filenames:
		->"/rsstu/users/r/rrellan/BZea/angsd_genotyping/angsd_full_snps/BZea_chr4.part10.112648708_125165230.arg"
		->"/rsstu/users/r/rrellan/BZea/angsd_genotyping/angsd_full_snps/BZea_chr4.part10.112648708_125165230.mafs.gz"
		->"/rsstu/users/r/rrellan/BZea/angsd_genotyping/angsd_full_snps/BZea_chr4.part10.112648708_125165230.bcf"
	-> Wed Jan 28 00:42:15 2026
	-> Arguments and parameters for all analysis are located in .arg file
	-> Total number of sites analyzed: 12243398
	-> Number of sites retained after filtering: 68553 
	[ALL done] cpu-time used =  21609.24 sec
	[ALL done] walltime used =  6897.00 sec
