	-> angsd version: 0.940-dirty (htslib: 1.20) build(Apr  3 2024 04:57:10)
	-> angsd -bam /rsstu/users/r/rrellan/DOE_CAREER/BZea/dedup_filtered/bam_list.txt -ref /rsstu/users/r/rrellan/sara/ref/Zm-B73-REFERENCE-NAM-5.0.fa -r chr1:107958369-123380992 -GL 1 -doMajorMinor 1 -doMaf 1 -doBcf 1 -SNP_pval 1e-8 -minMapQ 30 -minQ 20 -uniqueOnly 1 -remove_bads 1 -only_proper_pairs 1 -baq 1 -C 50 -minInd 5 -skipTriallelic 1 -setMinDepthInd 2 -P 4 -out /rsstu/users/r/rrellan/BZea/angsd_genotyping/angsd_full_snps/BZea_chr1.part8.107958369_123380992 
	-> Inputtype is BAM/CRAM
[multiReader] 1535 samples in 1535 input files
	-> Reading fasta: /rsstu/users/r/rrellan/sara/ref/Zm-B73-REFERENCE-NAM-5.0.fa
	-> SNP-filter using a pvalue: 1.000000e-08 correspond to 32.841253 likelihood units

[bcfoutput] 	Please add the following parameters 
		 '-gl 1 -dopost 1 -domajorminor 1 -domaf 1 -dobcf 1 --ignore-RG 0 -dogeno 1 -docounts 1'


Potential problem. -doBcf is a wrapper around -doMajorMinor -doPost and -gl. These values must therefore be set

	-> Inputtype is BAM/CRAM
	-> Parsing 1535 number of samples 
	-> Region lookup 1/1

	-> Allocated ~ 10 million nodes to the nodepool, this is not an estimate of the memory usage

	-> Allocated ~ 20 million nodes to the nodepool, this is not an estimate of the memory usage

	-> Allocated ~ 30 million nodes to the nodepool, this is not an estimate of the memory usage

	-> Allocated ~ 40 million nodes to the nodepool, this is not an estimate of the memory usage

	-> Allocated ~ 50 million nodes to the nodepool, this is not an estimate of the memory usage

	-> Allocated ~ 60 million nodes to the nodepool, this is not an estimate of the memory usage

	-> Allocated ~ 70 million nodes to the nodepool, this is not an estimate of the memory usage

	-> Allocated ~ 80 million nodes to the nodepool, this is not an estimate of the memory usage

	-> Allocated ~ 90 million nodes to the nodepool, this is not an estimate of the memory usage

	-> Allocated ~ 100 million nodes to the nodepool, this is not an estimate of the memory usage

	-> Allocated ~ 110 million nodes to the nodepool, this is not an estimate of the memory usage

	-> Allocated ~ 120 million nodes to the nodepool, this is not an estimate of the memory usage

	-> Allocated ~ 130 million nodes to the nodepool, this is not an estimate of the memory usage

	-> Allocated ~ 140 million nodes to the nodepool, this is not an estimate of the memory usage

	-> Allocated ~ 150 million nodes to the nodepool, this is not an estimate of the memory usage

	-> Allocated ~ 160 million nodes to the nodepool, this is not an estimate of the memory usage

	-> Allocated ~ 170 million nodes to the nodepool, this is not an estimate of the memory usage

	-> Allocated ~ 180 million nodes to the nodepool, this is not an estimate of the memory usage

	-> Allocated ~ 190 million nodes to the nodepool, this is not an estimate of the memory usage

	-> Allocated ~ 200 million nodes to the nodepool, this is not an estimate of the memory usage

	-> Allocated ~ 210 million nodes to the nodepool, this is not an estimate of the memory usage

	-> Allocated ~ 220 million nodes to the nodepool, this is not an estimate of the memory usage

	-> Allocated ~ 230 million nodes to the nodepool, this is not an estimate of the memory usage

	-> Allocated ~ 240 million nodes to the nodepool, this is not an estimate of the memory usage

	-> Allocated ~ 250 million nodes to the nodepool, this is not an estimate of the memory usage

	-> Allocated ~ 260 million nodes to the nodepool, this is not an estimate of the memory usage

	-> Allocated ~ 270 million nodes to the nodepool, this is not an estimate of the memory usage

	-> Allocated ~ 280 million nodes to the nodepool, this is not an estimate of the memory usage

	-> Allocated ~ 290 million nodes to the nodepool, this is not an estimate of the memory usage

	-> Allocated ~ 300 million nodes to the nodepool, this is not an estimate of the memory usage

	-> Allocated ~ 310 million nodes to the nodepool, this is not an estimate of the memory usage

	-> Allocated ~ 320 million nodes to the nodepool, this is not an estimate of the memory usage

	-> Allocated ~ 330 million nodes to the nodepool, this is not an estimate of the memory usage

	-> Allocated ~ 340 million nodes to the nodepool, this is not an estimate of the memory usage

	-> Allocated ~ 350 million nodes to the nodepool, this is not an estimate of the memory usage

	-> Allocated ~ 360 million nodes to the nodepool, this is not an estimate of the memory usage

	-> Allocated ~ 370 million nodes to the nodepool, this is not an estimate of the memory usage

	-> Allocated ~ 380 million nodes to the nodepool, this is not an estimate of the memory usage

	-> Allocated ~ 390 million nodes to the nodepool, this is not an estimate of the memory usage

	-> Allocated ~ 400 million nodes to the nodepool, this is not an estimate of the memory usage

	-> Allocated ~ 410 million nodes to the nodepool, this is not an estimate of the memory usage

	-> Allocated ~ 420 million nodes to the nodepool, this is not an estimate of the memory usage

	-> Allocated ~ 430 million nodes to the nodepool, this is not an estimate of the memory usage

	-> Allocated ~ 440 million nodes to the nodepool, this is not an estimate of the memory usage

	-> Allocated ~ 450 million nodes to the nodepool, this is not an estimate of the memory usage

	-> Allocated ~ 460 million nodes to the nodepool, this is not an estimate of the memory usage

	-> Allocated ~ 470 million nodes to the nodepool, this is not an estimate of the memory usage

	-> Allocated ~ 480 million nodes to the nodepool, this is not an estimate of the memory usage

	-> Allocated ~ 490 million nodes to the nodepool, this is not an estimate of the memory usage

	-> Allocated ~ 500 million nodes to the nodepool, this is not an estimate of the memory usage

	-> Allocated ~ 510 million nodes to the nodepool, this is not an estimate of the memory usage

	-> Allocated ~ 520 million nodes to the nodepool, this is not an estimate of the memory usage

	-> Allocated ~ 530 million nodes to the nodepool, this is not an estimate of the memory usage

	-> Allocated ~ 540 million nodes to the nodepool, this is not an estimate of the memory usage

	-> Allocated ~ 550 million nodes to the nodepool, this is not an estimate of the memory usage

	-> Allocated ~ 560 million nodes to the nodepool, this is not an estimate of the memory usage

	-> Allocated ~ 570 million nodes to the nodepool, this is not an estimate of the memory usage

	-> Allocated ~ 580 million nodes to the nodepool, this is not an estimate of the memory usage

	-> Allocated ~ 590 million nodes to the nodepool, this is not an estimate of the memory usage

	-> Allocated ~ 600 million nodes to the nodepool, this is not an estimate of the memory usage

	-> Allocated ~ 610 million nodes to the nodepool, this is not an estimate of the memory usage

	-> Allocated ~ 620 million nodes to the nodepool, this is not an estimate of the memory usage

	-> Allocated ~ 630 million nodes to the nodepool, this is not an estimate of the memory usage

	-> Allocated ~ 640 million nodes to the nodepool, this is not an estimate of the memory usage

	-> Allocated ~ 650 million nodes to the nodepool, this is not an estimate of the memory usage

	-> Allocated ~ 660 million nodes to the nodepool, this is not an estimate of the memory usage

	-> Allocated ~ 670 million nodes to the nodepool, this is not an estimate of the memory usage

	-> Allocated ~ 680 million nodes to the nodepool, this is not an estimate of the memory usage

	-> Allocated ~ 690 million nodes to the nodepool, this is not an estimate of the memory usage

	-> Allocated ~ 700 million nodes to the nodepool, this is not an estimate of the memory usage

	-> Allocated ~ 710 million nodes to the nodepool, this is not an estimate of the memory usage

	-> Allocated ~ 720 million nodes to the nodepool, this is not an estimate of the memory usage

	-> Allocated ~ 730 million nodes to the nodepool, this is not an estimate of the memory usage

	-> Allocated ~ 740 million nodes to the nodepool, this is not an estimate of the memory usage

	-> Allocated ~ 750 million nodes to the nodepool, this is not an estimate of the memory usage

	-> Allocated ~ 760 million nodes to the nodepool, this is not an estimate of the memory usage

	-> Allocated ~ 770 million nodes to the nodepool, this is not an estimate of the memory usage

	-> Allocated ~ 780 million nodes to the nodepool, this is not an estimate of the memory usage

	-> Allocated ~ 790 million nodes to the nodepool, this is not an estimate of the memory usage

	-> Allocated ~ 800 million nodes to the nodepool, this is not an estimate of the memory usage

	-> Allocated ~ 810 million nodes to the nodepool, this is not an estimate of the memory usage

	-> Allocated ~ 820 million nodes to the nodepool, this is not an estimate of the memory usage

	-> Allocated ~ 830 million nodes to the nodepool, this is not an estimate of the memory usage

	-> Allocated ~ 840 million nodes to the nodepool, this is not an estimate of the memory usage

	-> Allocated ~ 850 million nodes to the nodepool, this is not an estimate of the memory usage

	-> Allocated ~ 860 million nodes to the nodepool, this is not an estimate of the memory usage

	-> Allocated ~ 870 million nodes to the nodepool, this is not an estimate of the memory usage

	-> Allocated ~ 880 million nodes to the nodepool, this is not an estimate of the memory usage

	-> Allocated ~ 890 million nodes to the nodepool, this is not an estimate of the memory usage

	-> Allocated ~ 900 million nodes to the nodepool, this is not an estimate of the memory usage

	-> Allocated ~ 910 million nodes to the nodepool, this is not an estimate of the memory usage

	-> Allocated ~ 920 million nodes to the nodepool, this is not an estimate of the memory usage

	-> Allocated ~ 930 million nodes to the nodepool, this is not an estimate of the memory usage

	-> Allocated ~ 940 million nodes to the nodepool, this is not an estimate of the memory usage

	-> Allocated ~ 950 million nodes to the nodepool, this is not an estimate of the memory usage

	-> Allocated ~ 960 million nodes to the nodepool, this is not an estimate of the memory usage

	-> Allocated ~ 970 million nodes to the nodepool, this is not an estimate of the memory usage

	-> Allocated ~ 980 million nodes to the nodepool, this is not an estimate of the memory usage

	-> Allocated ~ 990 million nodes to the nodepool, this is not an estimate of the memory usage

	-> Allocated ~ 1000 million nodes to the nodepool, this is not an estimate of the memory usage

	-> Allocated ~ 1010 million nodes to the nodepool, this is not an estimate of the memory usage

	-> Allocated ~ 1020 million nodes to the nodepool, this is not an estimate of the memory usage

	-> Allocated ~ 1030 million nodes to the nodepool, this is not an estimate of the memory usage

	-> Allocated ~ 1040 million nodes to the nodepool, this is not an estimate of the memory usage

	-> Allocated ~ 1050 million nodes to the nodepool, this is not an estimate of the memory usage

	-> Allocated ~ 1060 million nodes to the nodepool, this is not an estimate of the memory usage

	-> Allocated ~ 1070 million nodes to the nodepool, this is not an estimate of the memory usage

	-> Allocated ~ 1080 million nodes to the nodepool, this is not an estimate of the memory usage

	-> Allocated ~ 1090 million nodes to the nodepool, this is not an estimate of the memory usage

	-> Allocated ~ 1100 million nodes to the nodepool, this is not an estimate of the memory usage

	-> Allocated ~ 1110 million nodes to the nodepool, this is not an estimate of the memory usage

	-> Allocated ~ 1120 million nodes to the nodepool, this is not an estimate of the memory usage

	-> Allocated ~ 1130 million nodes to the nodepool, this is not an estimate of the memory usage

	-> Allocated ~ 1140 million nodes to the nodepool, this is not an estimate of the memory usage

	-> Allocated ~ 1150 million nodes to the nodepool, this is not an estimate of the memory usage

	-> Allocated ~ 1160 million nodes to the nodepool, this is not an estimate of the memory usage

	-> Allocated ~ 1170 million nodes to the nodepool, this is not an estimate of the memory usage

	-> Allocated ~ 1180 million nodes to the nodepool, this is not an estimate of the memory usage

	-> Allocated ~ 1190 million nodes to the nodepool, this is not an estimate of the memory usage

	-> Allocated ~ 1200 million nodes to the nodepool, this is not an estimate of the memory usage

	-> Allocated ~ 1210 million nodes to the nodepool, this is not an estimate of the memory usage

	-> Allocated ~ 1220 million nodes to the nodepool, this is not an estimate of the memory usage

	-> Allocated ~ 1230 million nodes to the nodepool, this is not an estimate of the memory usage

	-> Allocated ~ 1240 million nodes to the nodepool, this is not an estimate of the memory usage

	-> Allocated ~ 1250 million nodes to the nodepool, this is not an estimate of the memory usage

	-> Allocated ~ 1260 million nodes to the nodepool, this is not an estimate of the memory usage

	-> Allocated ~ 1270 million nodes to the nodepool, this is not an estimate of the memory usage
	-> Printing at chr: chr1 pos:108692494 chunknumber 100 contains 4515 sites
	-> Printing at chr: chr1 pos:109344703 chunknumber 200 contains 5939 sites

	-> Allocated ~ 1280 million nodes to the nodepool, this is not an estimate of the memory usage

	-> Allocated ~ 1290 million nodes to the nodepool, this is not an estimate of the memory usage
	-> Printing at chr: chr1 pos:109927257 chunknumber 300 contains 4003 sites
	-> Printing at chr: chr1 pos:110659417 chunknumber 400 contains 11875 sites
	-> Printing at chr: chr1 pos:111483502 chunknumber 500 contains 9236 sites

	-> Allocated ~ 1300 million nodes to the nodepool, this is not an estimate of the memory usage

	-> Allocated ~ 1310 million nodes to the nodepool, this is not an estimate of the memory usage

	-> Allocated ~ 1320 million nodes to the nodepool, this is not an estimate of the memory usage

	-> Allocated ~ 1330 million nodes to the nodepool, this is not an estimate of the memory usage

	-> Allocated ~ 1340 million nodes to the nodepool, this is not an estimate of the memory usage

	-> Allocated ~ 1350 million nodes to the nodepool, this is not an estimate of the memory usage

	-> Allocated ~ 1360 million nodes to the nodepool, this is not an estimate of the memory usage

	-> Allocated ~ 1370 million nodes to the nodepool, this is not an estimate of the memory usage

	-> Allocated ~ 1380 million nodes to the nodepool, this is not an estimate of the memory usage

	-> Allocated ~ 1390 million nodes to the nodepool, this is not an estimate of the memory usage

	-> Allocated ~ 1400 million nodes to the nodepool, this is not an estimate of the memory usage

	-> Allocated ~ 1410 million nodes to the nodepool, this is not an estimate of the memory usage

	-> Allocated ~ 1420 million nodes to the nodepool, this is not an estimate of the memory usage

	-> Allocated ~ 1430 million nodes to the nodepool, this is not an estimate of the memory usage

	-> Allocated ~ 1440 million nodes to the nodepool, this is not an estimate of the memory usage

	-> Allocated ~ 1450 million nodes to the nodepool, this is not an estimate of the memory usage
	-> Printing at chr: chr1 pos:112220189 chunknumber 600 contains 3857 sites
	-> Printing at chr: chr1 pos:112863149 chunknumber 700 contains 10518 sites
	-> Printing at chr: chr1 pos:113603898 chunknumber 800 contains 12509 sites

	-> Allocated ~ 1460 million nodes to the nodepool, this is not an estimate of the memory usage

	-> Allocated ~ 1470 million nodes to the nodepool, this is not an estimate of the memory usage

	-> Allocated ~ 1480 million nodes to the nodepool, this is not an estimate of the memory usage

	-> Allocated ~ 1490 million nodes to the nodepool, this is not an estimate of the memory usage

	-> Allocated ~ 1500 million nodes to the nodepool, this is not an estimate of the memory usage

	-> Allocated ~ 1510 million nodes to the nodepool, this is not an estimate of the memory usage

	-> Allocated ~ 1520 million nodes to the nodepool, this is not an estimate of the memory usage

	-> Allocated ~ 1530 million nodes to the nodepool, this is not an estimate of the memory usage

	-> Allocated ~ 1540 million nodes to the nodepool, this is not an estimate of the memory usage

	-> Allocated ~ 1550 million nodes to the nodepool, this is not an estimate of the memory usage

	-> Allocated ~ 1560 million nodes to the nodepool, this is not an estimate of the memory usage

	-> Allocated ~ 1570 million nodes to the nodepool, this is not an estimate of the memory usage
	-> Printing at chr: chr1 pos:114352925 chunknumber 900 contains 6599 sites
	-> Printing at chr: chr1 pos:115033227 chunknumber 1000 contains 7872 sites
	-> Printing at chr: chr1 pos:115706203 chunknumber 1100 contains 3904 sites
	-> Printing at chr: chr1 pos:116380453 chunknumber 1200 contains 12405 sites
	-> Printing at chr: chr1 pos:117057956 chunknumber 1300 contains 7650 sites
	-> Printing at chr: chr1 pos:117708574 chunknumber 1400 contains 3082 sites
	-> Printing at chr: chr1 pos:118467288 chunknumber 1500 contains 3450 sites
	-> Printing at chr: chr1 pos:119206233 chunknumber 1600 contains 9626 sites
	-> Printing at chr: chr1 pos:119931898 chunknumber 1700 contains 4048 sites
	-> Printing at chr: chr1 pos:120613702 chunknumber 1800 contains 3132 sites
	-> Printing at chr: chr1 pos:121171653 chunknumber 1900 contains 3102 sites
	-> Printing at chr: chr1 pos:121877815 chunknumber 2000 contains 7280 sites
	-> Printing at chr: chr1 pos:122498621 chunknumber 2100 contains 6817 sites
	-> Printing at chr: chr1 pos:123181949 chunknumber 2200 contains 5917 sites

	-> Done reading data waiting for calculations to finish
	-> Done waiting for threads
	-> Output filenames:
		->"/rsstu/users/r/rrellan/BZea/angsd_genotyping/angsd_full_snps/BZea_chr1.part8.107958369_123380992.arg"
		->"/rsstu/users/r/rrellan/BZea/angsd_genotyping/angsd_full_snps/BZea_chr1.part8.107958369_123380992.mafs.gz"
		->"/rsstu/users/r/rrellan/BZea/angsd_genotyping/angsd_full_snps/BZea_chr1.part8.107958369_123380992.bcf"
	-> Tue Jan 27 23:17:56 2026
	-> Arguments and parameters for all analysis are located in .arg file
	-> Total number of sites analyzed: 15092737
	-> Number of sites retained after filtering: 82609 
	[ALL done] cpu-time used =  26624.51 sec
	[ALL done] walltime used =  8142.00 sec
