	-> angsd version: 0.940-dirty (htslib: 1.20) build(Apr  3 2024 04:57:10)
	-> angsd -bam /rsstu/users/r/rrellan/DOE_CAREER/BZea/dedup_filtered/bam_list.txt -ref /rsstu/users/r/rrellan/sara/ref/Zm-B73-REFERENCE-NAM-5.0.fa -r chr7:111485353-120775798 -GL 1 -doMajorMinor 1 -doMaf 1 -doBcf 1 -SNP_pval 1e-8 -minMapQ 30 -minQ 20 -uniqueOnly 1 -remove_bads 1 -only_proper_pairs 1 -baq 1 -C 50 -minInd 5 -skipTriallelic 1 -setMinDepthInd 2 -P 4 -out /rsstu/users/r/rrellan/BZea/angsd_genotyping/angsd_full_snps/BZea_chr7.part13.111485353_120775798 
	-> Inputtype is BAM/CRAM
[multiReader] 1535 samples in 1535 input files
	-> Reading fasta: /rsstu/users/r/rrellan/sara/ref/Zm-B73-REFERENCE-NAM-5.0.fa
	-> SNP-filter using a pvalue: 1.000000e-08 correspond to 32.841253 likelihood units

[bcfoutput] 	Please add the following parameters 
		 '-gl 1 -dopost 1 -domajorminor 1 -domaf 1 -dobcf 1 --ignore-RG 0 -dogeno 1 -docounts 1'


Potential problem. -doBcf is a wrapper around -doMajorMinor -doPost and -gl. These values must therefore be set

	-> Inputtype is BAM/CRAM
	-> Parsing 1535 number of samples 
	-> Region lookup 1/1

	-> Allocated ~ 10 million nodes to the nodepool, this is not an estimate of the memory usage

	-> Allocated ~ 20 million nodes to the nodepool, this is not an estimate of the memory usage

	-> Allocated ~ 30 million nodes to the nodepool, this is not an estimate of the memory usage

	-> Allocated ~ 40 million nodes to the nodepool, this is not an estimate of the memory usage

	-> Allocated ~ 50 million nodes to the nodepool, this is not an estimate of the memory usage

	-> Allocated ~ 60 million nodes to the nodepool, this is not an estimate of the memory usage

	-> Allocated ~ 70 million nodes to the nodepool, this is not an estimate of the memory usage

	-> Allocated ~ 80 million nodes to the nodepool, this is not an estimate of the memory usage

	-> Allocated ~ 90 million nodes to the nodepool, this is not an estimate of the memory usage

	-> Allocated ~ 100 million nodes to the nodepool, this is not an estimate of the memory usage

	-> Allocated ~ 110 million nodes to the nodepool, this is not an estimate of the memory usage

	-> Allocated ~ 120 million nodes to the nodepool, this is not an estimate of the memory usage

	-> Allocated ~ 130 million nodes to the nodepool, this is not an estimate of the memory usage

	-> Allocated ~ 140 million nodes to the nodepool, this is not an estimate of the memory usage

	-> Allocated ~ 150 million nodes to the nodepool, this is not an estimate of the memory usage

	-> Allocated ~ 160 million nodes to the nodepool, this is not an estimate of the memory usage

	-> Allocated ~ 170 million nodes to the nodepool, this is not an estimate of the memory usage

	-> Allocated ~ 180 million nodes to the nodepool, this is not an estimate of the memory usage

	-> Allocated ~ 190 million nodes to the nodepool, this is not an estimate of the memory usage

	-> Allocated ~ 200 million nodes to the nodepool, this is not an estimate of the memory usage

	-> Allocated ~ 210 million nodes to the nodepool, this is not an estimate of the memory usage

	-> Allocated ~ 220 million nodes to the nodepool, this is not an estimate of the memory usage

	-> Allocated ~ 230 million nodes to the nodepool, this is not an estimate of the memory usage

	-> Allocated ~ 240 million nodes to the nodepool, this is not an estimate of the memory usage

	-> Allocated ~ 250 million nodes to the nodepool, this is not an estimate of the memory usage

	-> Allocated ~ 260 million nodes to the nodepool, this is not an estimate of the memory usage

	-> Allocated ~ 270 million nodes to the nodepool, this is not an estimate of the memory usage

	-> Allocated ~ 280 million nodes to the nodepool, this is not an estimate of the memory usage

	-> Allocated ~ 290 million nodes to the nodepool, this is not an estimate of the memory usage

	-> Allocated ~ 300 million nodes to the nodepool, this is not an estimate of the memory usage

	-> Allocated ~ 310 million nodes to the nodepool, this is not an estimate of the memory usage

	-> Allocated ~ 320 million nodes to the nodepool, this is not an estimate of the memory usage

	-> Allocated ~ 330 million nodes to the nodepool, this is not an estimate of the memory usage

	-> Allocated ~ 340 million nodes to the nodepool, this is not an estimate of the memory usage

	-> Allocated ~ 350 million nodes to the nodepool, this is not an estimate of the memory usage

	-> Allocated ~ 360 million nodes to the nodepool, this is not an estimate of the memory usage

	-> Allocated ~ 370 million nodes to the nodepool, this is not an estimate of the memory usage

	-> Allocated ~ 380 million nodes to the nodepool, this is not an estimate of the memory usage

	-> Allocated ~ 390 million nodes to the nodepool, this is not an estimate of the memory usage

	-> Allocated ~ 400 million nodes to the nodepool, this is not an estimate of the memory usage

	-> Allocated ~ 410 million nodes to the nodepool, this is not an estimate of the memory usage

	-> Allocated ~ 420 million nodes to the nodepool, this is not an estimate of the memory usage

	-> Allocated ~ 430 million nodes to the nodepool, this is not an estimate of the memory usage

	-> Allocated ~ 440 million nodes to the nodepool, this is not an estimate of the memory usage

	-> Allocated ~ 450 million nodes to the nodepool, this is not an estimate of the memory usage

	-> Allocated ~ 460 million nodes to the nodepool, this is not an estimate of the memory usage

	-> Allocated ~ 470 million nodes to the nodepool, this is not an estimate of the memory usage

	-> Allocated ~ 480 million nodes to the nodepool, this is not an estimate of the memory usage

	-> Allocated ~ 490 million nodes to the nodepool, this is not an estimate of the memory usage

	-> Allocated ~ 500 million nodes to the nodepool, this is not an estimate of the memory usage

	-> Allocated ~ 510 million nodes to the nodepool, this is not an estimate of the memory usage

	-> Allocated ~ 520 million nodes to the nodepool, this is not an estimate of the memory usage

	-> Allocated ~ 530 million nodes to the nodepool, this is not an estimate of the memory usage

	-> Allocated ~ 540 million nodes to the nodepool, this is not an estimate of the memory usage

	-> Allocated ~ 550 million nodes to the nodepool, this is not an estimate of the memory usage

	-> Allocated ~ 560 million nodes to the nodepool, this is not an estimate of the memory usage

	-> Allocated ~ 570 million nodes to the nodepool, this is not an estimate of the memory usage

	-> Allocated ~ 580 million nodes to the nodepool, this is not an estimate of the memory usage

	-> Allocated ~ 590 million nodes to the nodepool, this is not an estimate of the memory usage

	-> Allocated ~ 600 million nodes to the nodepool, this is not an estimate of the memory usage

	-> Allocated ~ 610 million nodes to the nodepool, this is not an estimate of the memory usage

	-> Allocated ~ 620 million nodes to the nodepool, this is not an estimate of the memory usage

	-> Allocated ~ 630 million nodes to the nodepool, this is not an estimate of the memory usage

	-> Allocated ~ 640 million nodes to the nodepool, this is not an estimate of the memory usage

	-> Allocated ~ 650 million nodes to the nodepool, this is not an estimate of the memory usage

	-> Allocated ~ 660 million nodes to the nodepool, this is not an estimate of the memory usage

	-> Allocated ~ 670 million nodes to the nodepool, this is not an estimate of the memory usage

	-> Allocated ~ 680 million nodes to the nodepool, this is not an estimate of the memory usage

	-> Allocated ~ 690 million nodes to the nodepool, this is not an estimate of the memory usage

	-> Allocated ~ 700 million nodes to the nodepool, this is not an estimate of the memory usage

	-> Allocated ~ 710 million nodes to the nodepool, this is not an estimate of the memory usage

	-> Allocated ~ 720 million nodes to the nodepool, this is not an estimate of the memory usage

	-> Allocated ~ 730 million nodes to the nodepool, this is not an estimate of the memory usage

	-> Allocated ~ 740 million nodes to the nodepool, this is not an estimate of the memory usage

	-> Allocated ~ 750 million nodes to the nodepool, this is not an estimate of the memory usage

	-> Allocated ~ 760 million nodes to the nodepool, this is not an estimate of the memory usage

	-> Allocated ~ 770 million nodes to the nodepool, this is not an estimate of the memory usage

	-> Allocated ~ 780 million nodes to the nodepool, this is not an estimate of the memory usage

	-> Allocated ~ 790 million nodes to the nodepool, this is not an estimate of the memory usage

	-> Allocated ~ 800 million nodes to the nodepool, this is not an estimate of the memory usage

	-> Allocated ~ 810 million nodes to the nodepool, this is not an estimate of the memory usage

	-> Allocated ~ 820 million nodes to the nodepool, this is not an estimate of the memory usage

	-> Allocated ~ 830 million nodes to the nodepool, this is not an estimate of the memory usage

	-> Allocated ~ 840 million nodes to the nodepool, this is not an estimate of the memory usage

	-> Allocated ~ 850 million nodes to the nodepool, this is not an estimate of the memory usage

	-> Allocated ~ 860 million nodes to the nodepool, this is not an estimate of the memory usage

	-> Allocated ~ 870 million nodes to the nodepool, this is not an estimate of the memory usage

	-> Allocated ~ 880 million nodes to the nodepool, this is not an estimate of the memory usage

	-> Allocated ~ 890 million nodes to the nodepool, this is not an estimate of the memory usage

	-> Allocated ~ 900 million nodes to the nodepool, this is not an estimate of the memory usage

	-> Allocated ~ 910 million nodes to the nodepool, this is not an estimate of the memory usage

	-> Allocated ~ 920 million nodes to the nodepool, this is not an estimate of the memory usage

	-> Allocated ~ 930 million nodes to the nodepool, this is not an estimate of the memory usage

	-> Allocated ~ 940 million nodes to the nodepool, this is not an estimate of the memory usage

	-> Allocated ~ 950 million nodes to the nodepool, this is not an estimate of the memory usage

	-> Allocated ~ 960 million nodes to the nodepool, this is not an estimate of the memory usage

	-> Allocated ~ 970 million nodes to the nodepool, this is not an estimate of the memory usage

	-> Allocated ~ 980 million nodes to the nodepool, this is not an estimate of the memory usage

	-> Allocated ~ 990 million nodes to the nodepool, this is not an estimate of the memory usage

	-> Allocated ~ 1000 million nodes to the nodepool, this is not an estimate of the memory usage

	-> Allocated ~ 1010 million nodes to the nodepool, this is not an estimate of the memory usage

	-> Allocated ~ 1020 million nodes to the nodepool, this is not an estimate of the memory usage

	-> Allocated ~ 1030 million nodes to the nodepool, this is not an estimate of the memory usage

	-> Allocated ~ 1040 million nodes to the nodepool, this is not an estimate of the memory usage

	-> Allocated ~ 1050 million nodes to the nodepool, this is not an estimate of the memory usage

	-> Allocated ~ 1060 million nodes to the nodepool, this is not an estimate of the memory usage

	-> Allocated ~ 1070 million nodes to the nodepool, this is not an estimate of the memory usage

	-> Allocated ~ 1080 million nodes to the nodepool, this is not an estimate of the memory usage

	-> Allocated ~ 1090 million nodes to the nodepool, this is not an estimate of the memory usage

	-> Allocated ~ 1100 million nodes to the nodepool, this is not an estimate of the memory usage

	-> Allocated ~ 1110 million nodes to the nodepool, this is not an estimate of the memory usage

	-> Allocated ~ 1120 million nodes to the nodepool, this is not an estimate of the memory usage

	-> Allocated ~ 1130 million nodes to the nodepool, this is not an estimate of the memory usage

	-> Allocated ~ 1140 million nodes to the nodepool, this is not an estimate of the memory usage

	-> Allocated ~ 1150 million nodes to the nodepool, this is not an estimate of the memory usage

	-> Allocated ~ 1160 million nodes to the nodepool, this is not an estimate of the memory usage

	-> Allocated ~ 1170 million nodes to the nodepool, this is not an estimate of the memory usage

	-> Allocated ~ 1180 million nodes to the nodepool, this is not an estimate of the memory usage

	-> Allocated ~ 1190 million nodes to the nodepool, this is not an estimate of the memory usage

	-> Allocated ~ 1200 million nodes to the nodepool, this is not an estimate of the memory usage

	-> Allocated ~ 1210 million nodes to the nodepool, this is not an estimate of the memory usage

	-> Allocated ~ 1220 million nodes to the nodepool, this is not an estimate of the memory usage

	-> Allocated ~ 1230 million nodes to the nodepool, this is not an estimate of the memory usage

	-> Allocated ~ 1240 million nodes to the nodepool, this is not an estimate of the memory usage

	-> Allocated ~ 1250 million nodes to the nodepool, this is not an estimate of the memory usage

	-> Allocated ~ 1260 million nodes to the nodepool, this is not an estimate of the memory usage

	-> Allocated ~ 1270 million nodes to the nodepool, this is not an estimate of the memory usage

	-> Allocated ~ 1280 million nodes to the nodepool, this is not an estimate of the memory usage

	-> Allocated ~ 1290 million nodes to the nodepool, this is not an estimate of the memory usage

	-> Allocated ~ 1300 million nodes to the nodepool, this is not an estimate of the memory usage

	-> Allocated ~ 1310 million nodes to the nodepool, this is not an estimate of the memory usage
	-> Printing at chr: chr7 pos:112272903 chunknumber 100 contains 4028 sites

	-> Allocated ~ 1320 million nodes to the nodepool, this is not an estimate of the memory usage
	-> Printing at chr: chr7 pos:113066610 chunknumber 200 contains 11199 sites
	-> Printing at chr: chr7 pos:113840101 chunknumber 300 contains 5812 sites
	-> Printing at chr: chr7 pos:114575399 chunknumber 400 contains 8894 sites

	-> Allocated ~ 1330 million nodes to the nodepool, this is not an estimate of the memory usage

	-> Allocated ~ 1340 million nodes to the nodepool, this is not an estimate of the memory usage

	-> Allocated ~ 1350 million nodes to the nodepool, this is not an estimate of the memory usage

	-> Allocated ~ 1360 million nodes to the nodepool, this is not an estimate of the memory usage

	-> Allocated ~ 1370 million nodes to the nodepool, this is not an estimate of the memory usage

	-> Allocated ~ 1380 million nodes to the nodepool, this is not an estimate of the memory usage

	-> Allocated ~ 1390 million nodes to the nodepool, this is not an estimate of the memory usage

	-> Allocated ~ 1400 million nodes to the nodepool, this is not an estimate of the memory usage
	-> Printing at chr: chr7 pos:115311663 chunknumber 500 contains 10726 sites

	-> Allocated ~ 1410 million nodes to the nodepool, this is not an estimate of the memory usage

	-> Allocated ~ 1420 million nodes to the nodepool, this is not an estimate of the memory usage

	-> Allocated ~ 1430 million nodes to the nodepool, this is not an estimate of the memory usage

	-> Allocated ~ 1440 million nodes to the nodepool, this is not an estimate of the memory usage

	-> Allocated ~ 1450 million nodes to the nodepool, this is not an estimate of the memory usage

	-> Allocated ~ 1460 million nodes to the nodepool, this is not an estimate of the memory usage

	-> Allocated ~ 1470 million nodes to the nodepool, this is not an estimate of the memory usage

	-> Allocated ~ 1480 million nodes to the nodepool, this is not an estimate of the memory usage

	-> Allocated ~ 1490 million nodes to the nodepool, this is not an estimate of the memory usage
	-> Printing at chr: chr7 pos:116044227 chunknumber 600 contains 7619 sites
	-> Printing at chr: chr7 pos:116763956 chunknumber 700 contains 4236 sites
	-> Printing at chr: chr7 pos:117419409 chunknumber 800 contains 8334 sites
	-> Printing at chr: chr7 pos:118165165 chunknumber 900 contains 7146 sites
	-> Printing at chr: chr7 pos:118920105 chunknumber 1000 contains 4003 sites
	-> Printing at chr: chr7 pos:119604813 chunknumber 1100 contains 4068 sites
	-> Printing at chr: chr7 pos:120385698 chunknumber 1200 contains 4296 sites

	-> Done reading data waiting for calculations to finish
	-> Done waiting for threads
	-> Output filenames:
		->"/rsstu/users/r/rrellan/BZea/angsd_genotyping/angsd_full_snps/BZea_chr7.part13.111485353_120775798.arg"
		->"/rsstu/users/r/rrellan/BZea/angsd_genotyping/angsd_full_snps/BZea_chr7.part13.111485353_120775798.mafs.gz"
		->"/rsstu/users/r/rrellan/BZea/angsd_genotyping/angsd_full_snps/BZea_chr7.part13.111485353_120775798.bcf"
	-> Wed Jan 28 01:49:13 2026
	-> Arguments and parameters for all analysis are located in .arg file
	-> Total number of sites analyzed: 8970729
	-> Number of sites retained after filtering: 46021 
	[ALL done] cpu-time used =  15709.61 sec
	[ALL done] walltime used =  4914.00 sec
